{
  "version": "1.5.0",
  "plugins_used": [
    {
      "name": "ArtifactoryDetector"
    },
    {
      "name": "AWSKeyDetector"
    },
    {
      "name": "AzureStorageKeyDetector"
    },
    {
      "name": "Base64HighEntropyString",
      "limit": 4.5
    },
    {
      "name": "BasicAuthDetector"
    },
    {
      "name": "CloudantDetector"
    },
    {
      "name": "DiscordBotTokenDetector"
    },
    {
      "name": "GitHubTokenDetector"
    },
    {
      "name": "GitLabTokenDetector"
    },
    {
      "name": "HexHighEntropyString",
      "limit": 3.0
    },
    {
      "name": "IbmCloudIamDetector"
    },
    {
      "name": "IbmCosHmacDetector"
    },
    {
      "name": "IPPublicDetector"
    },
    {
      "name": "JwtTokenDetector"
    },
    {
      "name": "KeywordDetector",
      "keyword_exclude": ""
    },
    {
      "name": "MailchimpDetector"
    },
    {
      "name": "NpmDetector"
    },
    {
      "name": "OpenAIDetector"
    },
    {
      "name": "PrivateKeyDetector"
    },
    {
      "name": "PypiTokenDetector"
    },
    {
      "name": "SendGridDetector"
    },
    {
      "name": "SlackDetector"
    },
    {
      "name": "SoftlayerDetector"
    },
    {
      "name": "SquareOAuthDetector"
    },
    {
      "name": "StripeDetector"
    },
    {
      "name": "TelegramBotTokenDetector"
    },
    {
      "name": "TwilioKeyDetector"
    }
  ],
  "filters_used": [
    {
      "path": "detect_secrets.filters.allowlist.is_line_allowlisted"
    },
    {
      "path": "detect_secrets.filters.common.is_baseline_file",
      "filename": ".secrets.baseline"
    },
    {
      "path": "detect_secrets.filters.common.is_ignored_due_to_verification_policies",
      "min_level": 2
    },
    {
      "path": "detect_secrets.filters.heuristic.is_indirect_reference"
    },
    {
      "path": "detect_secrets.filters.heuristic.is_likely_id_string"
    },
    {
      "path": "detect_secrets.filters.heuristic.is_lock_file"
    },
    {
      "path": "detect_secrets.filters.heuristic.is_not_alphanumeric_string"
    },
    {
      "path": "detect_secrets.filters.heuristic.is_potential_uuid"
    },
    {
      "path": "detect_secrets.filters.heuristic.is_prefixed_with_dollar_sign"
    },
    {
      "path": "detect_secrets.filters.heuristic.is_sequential_string"
    },
    {
      "path": "detect_secrets.filters.heuristic.is_swagger_file"
    },
    {
      "path": "detect_secrets.filters.heuristic.is_templated_secret"
    }
  ],
  "results": {
    ".env.example": [
      {
        "type": "Basic Auth Credentials",
        "filename": ".env.example",
        "hashed_secret": "9c28e12fed249117f9a89c7f2a6014a15e85d908",
        "is_verified": false,
        "line_number": 11
      }
    ],
    "apps/api/hrms_api/settings/prod.py": [
      {
        "type": "Secret Keyword",
        "filename": "apps/api/hrms_api/settings/prod.py",
        "hashed_secret": "ba36120870799d7b52bc306a3369e8c267134ead",
        "is_verified": false,
        "line_number": 14
      }
    ],
    "apps/web/src/modules/notifications/event-labels.ts": [
      {
        "type": "Secret Keyword",
        "filename": "apps/web/src/modules/notifications/event-labels.ts",
        "hashed_secret": "092a16e7af1aeb8c2eb53fc021418dbb7f6e95f2",
        "is_verified": false,
        "line_number": 3
      }
    ],
    "deploy/docker-compose.yml": [
      {
        "type": "Basic Auth Credentials",
        "filename": "deploy/docker-compose.yml",
        "hashed_secret": "9c28e12fed249117f9a89c7f2a6014a15e85d908",
        "is_verified": false,
        "line_number": 8
      },
      {
        "type": "Secret Keyword",
        "filename": "deploy/docker-compose.yml",
        "hashed_secret": "cb06d9e16cd907636a22edf4f0bcc32190b254d1",
        "is_verified": false,
        "line_number": 14
      },
      {
        "type": "Secret Keyword",
        "filename": "deploy/docker-compose.yml",
        "hashed_secret": "9c28e12fed249117f9a89c7f2a6014a15e85d908",
        "is_verified": false,
        "line_number": 25
      }
    ],
    "docs/superpowers/plans/2026-04-27-hrms-m0-repo-scaffold.md": [
      {
        "type": "Basic Auth Credentials",
        "filename": "docs/superpowers/plans/2026-04-27-hrms-m0-repo-scaffold.md",
        "hashed_secret": "9c28e12fed249117f9a89c7f2a6014a15e85d908",
        "is_verified": false,
        "line_number": 246
      },
      {
        "type": "Secret Keyword",
        "filename": "docs/superpowers/plans/2026-04-27-hrms-m0-repo-scaffold.md",
        "hashed_secret": "ba36120870799d7b52bc306a3369e8c267134ead",
        "is_verified": false,
        "line_number": 704
      }
    ],
    "pnpm-lock.yaml": [
      {
        "type": "Base64 High Entropy String",
        "filename": "pnpm-lock.yaml",
        "hashed_secret": "f8c3bceb2fd5655f1c6e2c8b68c19ccc62e2ccd0",
        "is_verified": false,
        "line_number": 175
      },
      {
        "type": "Base64 High Entropy String",
        "filename": "pnpm-lock.yaml",
        "hashed_secret": "21184ef8dbf5b1c935bac496262f3d4aaccbf1c7",
        "is_verified": false,
        "line_number": 178
      },
      {
        "type": "Base64 High Entropy String",
        "filename": "pnpm-lock.yaml",
        "hashed_secret": "3815e3c744e628accab80ec17350ec3045e315e3",
        "is_verified": false,
        "line_number": 182
      },
      {
        "type": "Base64 High Entropy String",
        "filename": "pnpm-lock.yaml",
        "hashed_secret": "359ac5bd61cb9c32b418f71877fad37f3f8cfd0e",
        "is_verified": false,
        "line_number": 185
      },
      {
        "type": "Base64 High Entropy String",
        "filename": "pnpm-lock.yaml",
        "hashed_secret": "fd5633bb2fb1d33af5645b12dfdfd9d541c4cde1",
        "is_verified": false,
        "line_number": 189
      },
      {
        "type": "Base64 High Entropy String",
        "filename": "pnpm-lock.yaml",
        "hashed_secret": "d3541691a358a503965df61d03a03b145283e1f6",
        "is_verified": false,
        "line_number": 193
      },
      {
        "type": "Base64 High Entropy String",
        "filename": "pnpm-lock.yaml",
        "hashed_secret": "cf9d8563e81a99bb393c8ce3dedee23909dc0652",
        "is_verified": false,
        "line_number": 197
      },
      {
        "type": "Base64 High Entropy String",
        "filename": "pnpm-lock.yaml",
        "hashed_secret": "cbf41ed160d723d2d3e9b3a7efca841b6bcf6f88",
        "is_verified": false,
        "line_number": 201
      },
      {
        "type": "Base64 High Entropy String",
        "filename": "pnpm-lock.yaml",
        "hashed_secret": "5cb278a68156ae376bea48fb0f872cbc5dfd0a63",
        "is_verified": false,
        "line_number": 205
      },
      {
        "type": "Base64 High Entropy String",
        "filename": "pnpm-lock.yaml",
        "hashed_secret": "7d5266ed941af1b1d15330dbd1d3a875c4bc9c81",
        "is_verified": false,
        "line_number": 209
      },
      {
        "type": "Base64 High Entropy String",
        "filename": "pnpm-lock.yaml",
        "hashed_secret": "dfce026d4d3a3c07f4b1217d9f8218c7a659648c",
        "is_verified": false,
        "line_number": 213
      },
      {
        "type": "Base64 High Entropy String",
        "filename": "pnpm-lock.yaml",
        "hashed_secret": "cf4f01031348b40c6f929002bff27a18005f34cc",
        "is_verified": false,
        "line_number": 219
      },
      {
        "type": "Base64 High Entropy String",
        "filename": "pnpm-lock.yaml",
        "hashed_secret": "8319864fae2ce720a9588f890930b4dd3f736a4f",
        "is_verified": false,
        "line_number": 223
      },
      {
        "type": "Base64 High Entropy String",
        "filename": "pnpm-lock.yaml",
        "hashed_secret": "96393754ecdf525c798560bfe0e751502aa16dd1",
        "is_verified": false,
        "line_number": 227
      },
      {
        "type": "Base64 High Entropy String",
        "filename": "pnpm-lock.yaml",
        "hashed_secret": "6302a9750ba626bf9d98ea2b93c8044c2c13dd03",
        "is_verified": false,
        "line_number": 231
      },
      {
        "type": "Base64 High Entropy String",
        "filename": "pnpm-lock.yaml",
        "hashed_secret": "88ca4f0d28c7143e72cc9cfecaf9901c26711cb5",
        "is_verified": false,
        "line_number": 235
      },
      {
        "type": "Base64 High Entropy String",
        "filename": "pnpm-lock.yaml",
        "hashed_secret": "3a83d8726f7ee64e9aa8f886e95ac3c9d468d929",
        "is_verified": false,
        "line_number": 239
      },
      {
        "type": "Base64 High Entropy String",
        "filename": "pnpm-lock.yaml",
        "hashed_secret": "210797f986e8839f4aa71c2e7fa465944644b42f",
        "is_verified": false,
        "line_number": 244
      },
      {
        "type": "Base64 High Entropy String",
        "filename": "pnpm-lock.yaml",
        "hashed_secret": "07c2a515b8ce991183b3b5cbfc018668baa54ac6",
        "is_verified": false,
        "line_number": 250
      },
      {
        "type": "Base64 High Entropy String",
        "filename": "pnpm-lock.yaml",
        "hashed_secret": "8ce6977002b5073e86067ab6571cbcfa3f770a1e",
        "is_verified": false,
        "line_number": 256
      },
      {
        "type": "Base64 High Entropy String",
        "filename": "pnpm-lock.yaml",
        "hashed_secret": "261bb1dcc263df7ecdd01a0c01dadf24d04b170e",
        "is_verified": false,
        "line_number": 260
      },
      {
        "type": "Base64 High Entropy String",
        "filename": "pnpm-lock.yaml",
        "hashed_secret": "8a3e5ca7ff5701e917511e537ae08cf06085e3ca",
        "is_verified": false,
        "line_number": 264
      },
      {
        "type": "Base64 High Entropy String",
        "filename": "pnpm-lock.yaml",
        "hashed_secret": "180e848f306ee232593ddf09bf8f13cb01648197",
        "is_verified": false,
        "line_number": 268
      },
      {
        "type": "Base64 High Entropy String",
        "filename": "pnpm-lock.yaml",
        "hashed_secret": "89cb2a7f9effafaf1af192437eb07513bf90f1df",
        "is_verified": false,
        "line_number": 272
      },
      {
        "type": "Base64 High Entropy String",
        "filename": "pnpm-lock.yaml",
        "hashed_secret": "e5f4e407796476fa150d3f1ec5283df80cd074af",
        "is_verified": false,
        "line_number": 277
      },
      {
        "type": "Base64 High Entropy String",
        "filename": "pnpm-lock.yaml",
        "hashed_secret": "9906f5aed235f4ee107c1f076f374b4957300bee",
        "is_verified": false,
        "line_number": 283
      },
      {
        "type": "Base64 High Entropy String",
        "filename": "pnpm-lock.yaml",
        "hashed_secret": "16e201fb8a0cef27026086d814b13978cd05aedf",
        "is_verified": false,
        "line_number": 289
      },
      {
        "type": "Base64 High Entropy String",
        "filename": "pnpm-lock.yaml",
        "hashed_secret": "834ae0fe9623c3f18f24d058c4efef0f2d9d7f93",
        "is_verified": false,
        "line_number": 295
      },
      {
        "type": "Base64 High Entropy String",
        "filename": "pnpm-lock.yaml",
        "hashed_secret": "14c2f221e2a0374a62452a6390d8c8c07a061357",
        "is_verified": false,
        "line_number": 301
      },
      {
        "type": "Base64 High Entropy String",
        "filename": "pnpm-lock.yaml",
        "hashed_secret": "bf312e92cd7d2d6b291028dce7da28e6bc2304dd",
        "is_verified": false,
        "line_number": 307
      },
      {
        "type": "Base64 High Entropy String",
        "filename": "pnpm-lock.yaml",
        "hashed_secret": "faefa7aae37cfcf242f003d7c6aab17d90491a9e",
        "is_verified": false,
        "line_number": 313
      },
      {
        "type": "Base64 High Entropy String",
        "filename": "pnpm-lock.yaml",
        "hashed_secret": "7337ddccf2ed2b2062c7dc7ee2b5f2632d601521",
        "is_verified": false,
        "line_number": 319
      },
      {
        "type": "Base64 High Entropy String",
        "filename": "pnpm-lock.yaml",
        "hashed_secret": "a8e4627e40f4bf3903759a298bc646332f041250",
        "is_verified": false,
        "line_number": 325
      },
      {
        "type": "Base64 High Entropy String",
        "filename": "pnpm-lock.yaml",
        "hashed_secret": "ba92041b8b57e5f3f7cfda01eca4eb5f863d8230",
        "is_verified": false,
        "line_number": 328
      },
      {
        "type": "Base64 High Entropy String",
        "filename": "pnpm-lock.yaml",
        "hashed_secret": "7543ee65aa0a02783414e8a1dbd3d18c0c3123cc",
        "is_verified": false,
        "line_number": 334
      },
      {
        "type": "Base64 High Entropy String",
        "filename": "pnpm-lock.yaml",
        "hashed_secret": "5cab2cbf14962ddc1d6ed2bfe25898fe4c36dec1",
        "is_verified": false,
        "line_number": 340
      },
      {
        "type": "Base64 High Entropy String",
        "filename": "pnpm-lock.yaml",
        "hashed_secret": "b3ffc344491402f73ea16b1b8718e18833050114",
        "is_verified": false,
        "line_number": 346
      },
      {
        "type": "Base64 High Entropy String",
        "filename": "pnpm-lock.yaml",
        "hashed_secret": "06c952d11f13461da10c7bba057d78cc5fa5e6fb",
        "is_verified": false,
        "line_number": 352
      },
      {
        "type": "Base64 High Entropy String",
        "filename": "pnpm-lock.yaml",
        "hashed_secret": "c2ea7b0b8f40b08e1b89209f677ff5d6a719b60a",
        "is_verified": false,
        "line_number": 358
      },
      {
        "type": "Base64 High Entropy String",
        "filename": "pnpm-lock.yaml",
        "hashed_secret": "8816a15bd9ad8879b3f1823b94fb7c46dd643f17",
        "is_verified": false,
        "line_number": 364
      },
      {
        "type": "Base64 High Entropy String",
        "filename": "pnpm-lock.yaml",
        "hashed_secret": "9836b23edc498bf0925d3e560f0684f6ec75bb9a",
        "is_verified": false,
        "line_number": 370
      },
      {
        "type": "Base64 High Entropy String",
        "filename": "pnpm-lock.yaml",
        "hashed_secret": "f42b2f70ce99e343a262e45315a2c4d27daba270",
        "is_verified": false,
        "line_number": 376
      },
      {
        "type": "Base64 High Entropy String",
        "filename": "pnpm-lock.yaml",
        "hashed_secret": "3e9fc60c601cab29ea7878a0c9688fb6ee925cf9",
        "is_verified": false,
        "line_number": 382
      },
      {
        "type": "Base64 High Entropy String",
        "filename": "pnpm-lock.yaml",
        "hashed_secret": "6b1f54e31a53e3667a97cf3af18a66d1cedec7b8",
        "is_verified": false,
        "line_number": 388
      },
      {
        "type": "Base64 High Entropy String",
        "filename": "pnpm-lock.yaml",
        "hashed_secret": "efbe56870cd191d53ef1e6ac6d40ed5eb4cd01c0",
        "is_verified": false,
        "line_number": 394
      },
      {
        "type": "Base64 High Entropy String",
        "filename": "pnpm-lock.yaml",
        "hashed_secret": "fefbbc2958b5d0546d6507d1aad9bead9ef7e9eb",
        "is_verified": false,
        "line_number": 400
      },
      {
        "type": "Base64 High Entropy String",
        "filename": "pnpm-lock.yaml",
        "hashed_secret": "489f7d6ea770d41978c763f306e573aa9c086e3b",
        "is_verified": false,
        "line_number": 406
      },
      {
        "type": "Base64 High Entropy String",
        "filename": "pnpm-lock.yaml",
        "hashed_secret": "84e33cad738a516642e9e4e00c9910ada2755eb8",
        "is_verified": false,
        "line_number": 412
      },
      {
        "type": "Base64 High Entropy String",
        "filename": "pnpm-lock.yaml",
        "hashed_secret": "0329358e1442ae9c1dd0cfa7884c4cc51c123c7d",
        "is_verified": false,
        "line_number": 418
      },
      {
        "type": "Base64 High Entropy String",
        "filename": "pnpm-lock.yaml",
        "hashed_secret": "5520077e071061b96b1bd30a351f2bb3a52cac50",
        "is_verified": false,
        "line_number": 424
      },
      {
        "type": "Base64 High Entropy String",
        "filename": "pnpm-lock.yaml",
        "hashed_secret": "5fd94d7bc55b700838f7232aa04cd14ce8883702",
        "is_verified": false,
        "line_number": 430
      },
      {
        "type": "Base64 High Entropy String",
        "filename": "pnpm-lock.yaml",
        "hashed_secret": "8c94dfd0dbadd0e968f0e9e175bf5bb4fd2594c0",
        "is_verified": false,
        "line_number": 436
      },
      {
        "type": "Base64 High Entropy String",
        "filename": "pnpm-lock.yaml",
        "hashed_secret": "38e7a2d417fe20d4760873aa7ad041fa74821645",
        "is_verified": false,
        "line_number": 442
      },
      {
        "type": "Base64 High Entropy String",
        "filename": "pnpm-lock.yaml",
        "hashed_secret": "2a46cf814514d8cf3a189ce88b22d30c24baf70a",
        "is_verified": false,
        "line_number": 448
      },
      {
        "type": "Base64 High Entropy String",
        "filename": "pnpm-lock.yaml",
        "hashed_secret": "f13e357a26f9e2972019db90dd8ceb867b494f9c",
        "is_verified": false,
        "line_number": 454
      },
      {
        "type": "Base64 High Entropy String",
        "filename": "pnpm-lock.yaml",
        "hashed_secret": "35ecb49473bd3c2a84f86fcae2c69e255bdcd843",
        "is_verified": false,
        "line_number": 460
      },
      {
        "type": "Base64 High Entropy String",
        "filename": "pnpm-lock.yaml",
        "hashed_secret": "c623aa06523a4f1fa3fa7ab1df7db62b378b9432",
        "is_verified": false,
        "line_number": 466
      },
      {
        "type": "Base64 High Entropy String",
        "filename": "pnpm-lock.yaml",
        "hashed_secret": "63bec2ac98d4c5fcc58ccf35344e251308f56cf9",
        "is_verified": false,
        "line_number": 469
      },
      {
        "type": "Base64 High Entropy String",
        "filename": "pnpm-lock.yaml",
        "hashed_secret": "f03b3090ec0f6bcc310df37baf29aff7ea3af1da",
        "is_verified": false,
        "line_number": 472
      },
      {
        "type": "Base64 High Entropy String",
        "filename": "pnpm-lock.yaml",
        "hashed_secret": "4792a7cb5f934441b51f39e719c89698cd8819b0",
        "is_verified": false,
        "line_number": 478
      },
      {
        "type": "Base64 High Entropy String",
        "filename": "pnpm-lock.yaml",
        "hashed_secret": "cdd4f1f7e37b63d84ec1d93a858c9a1d0f99dcc3",
        "is_verified": false,
        "line_number": 481
      },
      {
        "type": "Base64 High Entropy String",
        "filename": "pnpm-lock.yaml",
        "hashed_secret": "92f22ee85d319771958246ab5bb88b93763a92c4",
        "is_verified": false,
        "line_number": 484
      },
      {
        "type": "Base64 High Entropy String",
        "filename": "pnpm-lock.yaml",
        "hashed_secret": "efb5975d20ddfdefd6f1dbae9cad42004f415db4",
        "is_verified": false,
        "line_number": 487
      },
      {
        "type": "Base64 High Entropy String",
        "filename": "pnpm-lock.yaml",
        "hashed_secret": "a50ad58d23a0f2471f247e4b5ce71d9e57a93cd0",
        "is_verified": false,
        "line_number": 491
      },
      {
        "type": "Base64 High Entropy String",
        "filename": "pnpm-lock.yaml",
        "hashed_secret": "4f8ca14fa6a572c71088d9916f63fcc66e775d7d",
        "is_verified": false,
        "line_number": 500
      },
      {
        "type": "Base64 High Entropy String",
        "filename": "pnpm-lock.yaml",
        "hashed_secret": "f6e4240256e2f10f445d8f1bd041ac7e76ead7fe",
        "is_verified": false,
        "line_number": 509
      },
      {
        "type": "Base64 High Entropy String",
        "filename": "pnpm-lock.yaml",
        "hashed_secret": "cbd3d8e48755b4cf61348fffa0850f7dfc54cc1e",
        "is_verified": false,
        "line_number": 513
      },
      {
        "type": "Base64 High Entropy String",
        "filename": "pnpm-lock.yaml",
        "hashed_secret": "8733ba82d33885a92ca3009eb6ba61e505a1ee9a",
        "is_verified": false,
        "line_number": 522
      },
      {
        "type": "Base64 High Entropy String",
        "filename": "pnpm-lock.yaml",
        "hashed_secret": "3e3522c83d724aa4133ee6bb6d627e4390be31a5",
        "is_verified": false,
        "line_number": 525
      },
      {
        "type": "Base64 High Entropy String",
        "filename": "pnpm-lock.yaml",
        "hashed_secret": "9d1b9dbec9f048e048f4dd38591947ca7deff5dd",
        "is_verified": false,
        "line_number": 528
      },
      {
        "type": "Base64 High Entropy String",
        "filename": "pnpm-lock.yaml",
        "hashed_secret": "f60c00cacddf514ad090fbde7005d8721adc0b89",
        "is_verified": false,
        "line_number": 532
      },
      {
        "type": "Base64 High Entropy String",
        "filename": "pnpm-lock.yaml",
        "hashed_secret": "b0e9cbf320ebe74507bcdaae3f0b40740459a092",
        "is_verified": false,
        "line_number": 535
      },
      {
        "type": "Base64 High Entropy String",
        "filename": "pnpm-lock.yaml",
        "hashed_secret": "d7ed8f767eed9e904ad6a2cf818e2667176213ab",
        "is_verified": false,
        "line_number": 538
      },
      {
        "type": "Base64 High Entropy String",
        "filename": "pnpm-lock.yaml",
        "hashed_secret": "9a1373fb8bc6343a2626079c5c977463daea3541",
        "is_verified": false,
        "line_number": 542
      },
      {
        "type": "Base64 High Entropy String",
        "filename": "pnpm-lock.yaml",
        "hashed_secret": "e768776e74a3cb5645d538a9bd074c78e7fb52b3",
        "is_verified": false,
        "line_number": 546
      },
      {
        "type": "Base64 High Entropy String",
        "filename": "pnpm-lock.yaml",
        "hashed_secret": "150a1608ffd7395d510860bc11f1b69b49ff015a",
        "is_verified": false,
        "line_number": 550
      },
      {
        "type": "Base64 High Entropy String",
        "filename": "pnpm-lock.yaml",
        "hashed_secret": "e86e4979d9d712e11a75b4ebec1b901732124d77",
        "is_verified": false,
        "line_number": 554
      },
      {
        "type": "Base64 High Entropy String",
        "filename": "pnpm-lock.yaml",
        "hashed_secret": "860024dc69fce7531fd68cac0382949ebce3602b",
        "is_verified": false,
        "line_number": 557
      },
      {
        "type": "Base64 High Entropy String",
        "filename": "pnpm-lock.yaml",
        "hashed_secret": "e7a300573911dfc80ae0808f6cd3ddc96c90975d",
        "is_verified": false,
        "line_number": 560
      },
      {
        "type": "Base64 High Entropy String",
        "filename": "pnpm-lock.yaml",
        "hashed_secret": "af21ea4772d3ec7feac09cde495c71292fb69903",
        "is_verified": false,
        "line_number": 563
      },
      {
        "type": "Base64 High Entropy String",
        "filename": "pnpm-lock.yaml",
        "hashed_secret": "5bace6024c7051eb7a1cb1e37f7b9985e533a42e",
        "is_verified": false,
        "line_number": 566
      },
      {
        "type": "Base64 High Entropy String",
        "filename": "pnpm-lock.yaml",
        "hashed_secret": "cab18f47244b512a9bb13971e95ba235db151253",
        "is_verified": false,
        "line_number": 569
      },
      {
        "type": "Base64 High Entropy String",
        "filename": "pnpm-lock.yaml",
        "hashed_secret": "be3c56e37593a4a92b74d53e8cb3762e714497b0",
        "is_verified": false,
        "line_number": 572
      },
      {
        "type": "Base64 High Entropy String",
        "filename": "pnpm-lock.yaml",
        "hashed_secret": "d68cebb7dafe5db1971f5fa821be0e8a901290ad",
        "is_verified": false,
        "line_number": 585
      },
      {
        "type": "Base64 High Entropy String",
        "filename": "pnpm-lock.yaml",
        "hashed_secret": "eea334ce67d119e127ca2448c8fd8cb9328a5664",
        "is_verified": false,
        "line_number": 598
      },
      {
        "type": "Base64 High Entropy String",
        "filename": "pnpm-lock.yaml",
        "hashed_secret": "09b6aade4800e313c2bbed96548c4f2dce507168",
        "is_verified": false,
        "line_number": 611
      },
      {
        "type": "Base64 High Entropy String",
        "filename": "pnpm-lock.yaml",
        "hashed_secret": "e9d53eedf607b11c3ef44b8c6ff18958ad146340",
        "is_verified": false,
        "line_number": 624
      },
      {
        "type": "Base64 High Entropy String",
        "filename": "pnpm-lock.yaml",
        "hashed_secret": "32322bcf00299724296af3309bc033b969f83bf6",
        "is_verified": false,
        "line_number": 633
      },
      {
        "type": "Base64 High Entropy String",
        "filename": "pnpm-lock.yaml",
        "hashed_secret": "b2334902f0134767ef634449f1b4ad0a6fe4830b",
        "is_verified": false,
        "line_number": 642
      },
      {
        "type": "Base64 High Entropy String",
        "filename": "pnpm-lock.yaml",
        "hashed_secret": "76bb59906af53dcb878b807d5817d5edb7ae390f",
        "is_verified": false,
        "line_number": 651
      },
      {
        "type": "Base64 High Entropy String",
        "filename": "pnpm-lock.yaml",
        "hashed_secret": "ebfd0dc170295e67df4d796db25987963ca97e61",
        "is_verified": false,
        "line_number": 664
      },
      {
        "type": "Base64 High Entropy String",
        "filename": "pnpm-lock.yaml",
        "hashed_secret": "d146f31752027f19751d396a49a62010d97f6b80",
        "is_verified": false,
        "line_number": 673
      },
      {
        "type": "Base64 High Entropy String",
        "filename": "pnpm-lock.yaml",
        "hashed_secret": "cfe0bd31a00a41920823c76d517fe7d062e5337c",
        "is_verified": false,
        "line_number": 686
      },
      {
        "type": "Base64 High Entropy String",
        "filename": "pnpm-lock.yaml",
        "hashed_secret": "b16b457c3af8581fda0aad82df8a4d25d56b72f5",
        "is_verified": false,
        "line_number": 699
      },
      {
        "type": "Base64 High Entropy String",
        "filename": "pnpm-lock.yaml",
        "hashed_secret": "28f0a338a11c78c8b77f06940e97fd7242579d23",
        "is_verified": false,
        "line_number": 708
      },
      {
        "type": "Base64 High Entropy String",
        "filename": "pnpm-lock.yaml",
        "hashed_secret": "bfb1d8f7fcfdc3951f2a407606332dd0561ea889",
        "is_verified": false,
        "line_number": 721
      },
      {
        "type": "Base64 High Entropy String",
        "filename": "pnpm-lock.yaml",
        "hashed_secret": "380016634dca8718e45627a3e887a33cfdbf9583",
        "is_verified": false,
        "line_number": 730
      },
      {
        "type": "Base64 High Entropy String",
        "filename": "pnpm-lock.yaml",
        "hashed_secret": "d5af9fbde70bf119125bc5280e31def9cfc5d2e4",
        "is_verified": false,
        "line_number": 743
      },
      {
        "type": "Base64 High Entropy String",
        "filename": "pnpm-lock.yaml",
        "hashed_secret": "c93cfee749f39a6731bd90e3b8bfc1c2f39dd0bb",
        "is_verified": false,
        "line_number": 756
      },
      {
        "type": "Base64 High Entropy String",
        "filename": "pnpm-lock.yaml",
        "hashed_secret": "384119563704c0a0c154cfa3a7fb2f1b6e403e4d",
        "is_verified": false,
        "line_number": 769
      },
      {
        "type": "Base64 High Entropy String",
        "filename": "pnpm-lock.yaml",
        "hashed_secret": "a9799e49f2382f864dab19d97df038fbcc760f79",
        "is_verified": false,
        "line_number": 782
      },
      {
        "type": "Base64 High Entropy String",
        "filename": "pnpm-lock.yaml",
        "hashed_secret": "237858a86350af1517b45ec07878dc64d875b973",
        "is_verified": false,
        "line_number": 795
      },
      {
        "type": "Base64 High Entropy String",
        "filename": "pnpm-lock.yaml",
        "hashed_secret": "e3f56ef687b947b63f8ea90c3f3fcdc7687c0584",
        "is_verified": false,
        "line_number": 808
      },
      {
        "type": "Base64 High Entropy String",
        "filename": "pnpm-lock.yaml",
        "hashed_secret": "de1784aa891dd80af8333e9dc71019bbb1d00b0b",
        "is_verified": false,
        "line_number": 821
      },
      {
        "type": "Base64 High Entropy String",
        "filename": "pnpm-lock.yaml",
        "hashed_secret": "ebafd7b99e26904ea5a3ba20abd17c2d7b913663",
        "is_verified": false,
        "line_number": 834
      },
      {
        "type": "Base64 High Entropy String",
        "filename": "pnpm-lock.yaml",
        "hashed_secret": "938a7b1d49a0c2692666797b3a00b607ba1912d4",
        "is_verified": false,
        "line_number": 847
      },
      {
        "type": "Base64 High Entropy String",
        "filename": "pnpm-lock.yaml",
        "hashed_secret": "5cdcee5a29292be13235b5cbddc6aa392d2b23f1",
        "is_verified": false,
        "line_number": 860
      },
      {
        "type": "Base64 High Entropy String",
        "filename": "pnpm-lock.yaml",
        "hashed_secret": "d157cd2020faa83a1b672bfd2233a417b17e42d8",
        "is_verified": false,
        "line_number": 873
      },
      {
        "type": "Base64 High Entropy String",
        "filename": "pnpm-lock.yaml",
        "hashed_secret": "d2fd9728d554534f81a587647c925c735087ae31",
        "is_verified": false,
        "line_number": 886
      },
      {
        "type": "Base64 High Entropy String",
        "filename": "pnpm-lock.yaml",
        "hashed_secret": "c8400bcab54bbc669cbe44b013fd300ec181ae04",
        "is_verified": false,
        "line_number": 899
      },
      {
        "type": "Base64 High Entropy String",
        "filename": "pnpm-lock.yaml",
        "hashed_secret": "31625b2b743843d6e5bfb31cd4899c540146d0f8",
        "is_verified": false,
        "line_number": 908
      },
      {
        "type": "Base64 High Entropy String",
        "filename": "pnpm-lock.yaml",
        "hashed_secret": "4ca19d51441ee1c7bae4a9ed5f5d5e5befcbbb2e",
        "is_verified": false,
        "line_number": 917
      },
      {
        "type": "Base64 High Entropy String",
        "filename": "pnpm-lock.yaml",
        "hashed_secret": "249cc7d6ea282d76f5efff9fb4ed6ed5d3058d08",
        "is_verified": false,
        "line_number": 930
      },
      {
        "type": "Base64 High Entropy String",
        "filename": "pnpm-lock.yaml",
        "hashed_secret": "446546bba84a6355c159d0562c57c670fea13d34",
        "is_verified": false,
        "line_number": 943
      },
      {
        "type": "Base64 High Entropy String",
        "filename": "pnpm-lock.yaml",
        "hashed_secret": "7d3f1b8d6e4eca6f79dbaf3cdfbca069ab37a6e8",
        "is_verified": false,
        "line_number": 956
      },
      {
        "type": "Base64 High Entropy String",
        "filename": "pnpm-lock.yaml",
        "hashed_secret": "1cfc669b4a91926a20a0c195e64a33fddfc28636",
        "is_verified": false,
        "line_number": 965
      },
      {
        "type": "Base64 High Entropy String",
        "filename": "pnpm-lock.yaml",
        "hashed_secret": "089409fd943a2fb3a5a50b4725a4c96a16bc5d19",
        "is_verified": false,
        "line_number": 974
      },
      {
        "type": "Base64 High Entropy String",
        "filename": "pnpm-lock.yaml",
        "hashed_secret": "ccf9afc9b093a34274214374a841c68216c23105",
        "is_verified": false,
        "line_number": 983
      },
      {
        "type": "Base64 High Entropy String",
        "filename": "pnpm-lock.yaml",
        "hashed_secret": "29094c26e288b5cebbc5262a1996e29057328f1f",
        "is_verified": false,
        "line_number": 992
      },
      {
        "type": "Base64 High Entropy String",
        "filename": "pnpm-lock.yaml",
        "hashed_secret": "95362ad9b076707c159a81577f1695dea0ed2eb3",
        "is_verified": false,
        "line_number": 1001
      },
      {
        "type": "Base64 High Entropy String",
        "filename": "pnpm-lock.yaml",
        "hashed_secret": "8cd02e410a9ff591baae8fb0b142f31b91ef9ec0",
        "is_verified": false,
        "line_number": 1010
      },
      {
        "type": "Base64 High Entropy String",
        "filename": "pnpm-lock.yaml",
        "hashed_secret": "9dfea0993e072e2f30d0a2cac0b7bda5f6e7f980",
        "is_verified": false,
        "line_number": 1019
      },
      {
        "type": "Base64 High Entropy String",
        "filename": "pnpm-lock.yaml",
        "hashed_secret": "15432d91ade7f228054c5d23ceac8d48711a5853",
        "is_verified": false,
        "line_number": 1028
      },
      {
        "type": "Base64 High Entropy String",
        "filename": "pnpm-lock.yaml",
        "hashed_secret": "69ae791ca6d7814550c0af06cc57217e4e1388ea",
        "is_verified": false,
        "line_number": 1037
      },
      {
        "type": "Base64 High Entropy String",
        "filename": "pnpm-lock.yaml",
        "hashed_secret": "647690124fbe1ff7811211b1ec8ec14c9800de35",
        "is_verified": false,
        "line_number": 1050
      },
      {
        "type": "Base64 High Entropy String",
        "filename": "pnpm-lock.yaml",
        "hashed_secret": "f9e19e27ffde01ad67bfc4f4344e7e7223a5d7c8",
        "is_verified": false,
        "line_number": 1053
      },
      {
        "type": "Base64 High Entropy String",
        "filename": "pnpm-lock.yaml",
        "hashed_secret": "12c60a392443eb92880b50ceeb1c192b8cd93249",
        "is_verified": false,
        "line_number": 1056
      },
      {
        "type": "Base64 High Entropy String",
        "filename": "pnpm-lock.yaml",
        "hashed_secret": "4fb2630eff675986462ab46caa5e41ca33ea3bbb",
        "is_verified": false,
        "line_number": 1059
      },
      {
        "type": "Base64 High Entropy String",
        "filename": "pnpm-lock.yaml",
        "hashed_secret": "91f94e41429951823f2e142390f8f536963f30fb",
        "is_verified": false,
        "line_number": 1063
      },
      {
        "type": "Base64 High Entropy String",
        "filename": "pnpm-lock.yaml",
        "hashed_secret": "80baf094c85a8b814390721f28df4426791950e2",
        "is_verified": false,
        "line_number": 1066
      },
      {
        "type": "Base64 High Entropy String",
        "filename": "pnpm-lock.yaml",
        "hashed_secret": "19c871b99cc8a8066f7c372cc935250508cdbf7e",
        "is_verified": false,
        "line_number": 1071
      },
      {
        "type": "Base64 High Entropy String",
        "filename": "pnpm-lock.yaml",
        "hashed_secret": "66eb29da9a96876a8e1b7fefb901f6b582e14b33",
        "is_verified": false,
        "line_number": 1076
      },
      {
        "type": "Base64 High Entropy String",
        "filename": "pnpm-lock.yaml",
        "hashed_secret": "5ce412f8142bfcc2b11a375e1c91a3a54ca8c0ae",
        "is_verified": false,
        "line_number": 1081
      },
      {
        "type": "Base64 High Entropy String",
        "filename": "pnpm-lock.yaml",
        "hashed_secret": "3e47d4fda361e2553fee0d1f059b0b135fcce98f",
        "is_verified": false,
        "line_number": 1086
      },
      {
        "type": "Base64 High Entropy String",
        "filename": "pnpm-lock.yaml",
        "hashed_secret": "7ce2d9200e0e41b2ee19b821089b6a95a39bc509",
        "is_verified": false,
        "line_number": 1091
      },
      {
        "type": "Base64 High Entropy String",
        "filename": "pnpm-lock.yaml",
        "hashed_secret": "b68b16505cf49c5f3cb98af1b54893a1a79565a5",
        "is_verified": false,
        "line_number": 1096
      },
      {
        "type": "Base64 High Entropy String",
        "filename": "pnpm-lock.yaml",
        "hashed_secret": "b41be781eb3b0c4750e39d09dcdd6a3494f1f357",
        "is_verified": false,
        "line_number": 1101
      },
      {
        "type": "Base64 High Entropy String",
        "filename": "pnpm-lock.yaml",
        "hashed_secret": "f99a49bc745631a8b7085149e82a79811d9bac8c",
        "is_verified": false,
        "line_number": 1106
      },
      {
        "type": "Base64 High Entropy String",
        "filename": "pnpm-lock.yaml",
        "hashed_secret": "edeb02a82bcc0b255ba89f276f37e4091792f4fe",
        "is_verified": false,
        "line_number": 1111
      },
      {
        "type": "Base64 High Entropy String",
        "filename": "pnpm-lock.yaml",
        "hashed_secret": "7691f9054b1626b357caca8a9f8e83eb8ac84def",
        "is_verified": false,
        "line_number": 1116
      },
      {
        "type": "Base64 High Entropy String",
        "filename": "pnpm-lock.yaml",
        "hashed_secret": "b77dfdeb5ffee23aff3b2f97ff640802ad415a3c",
        "is_verified": false,
        "line_number": 1121
      },
      {
        "type": "Base64 High Entropy String",
        "filename": "pnpm-lock.yaml",
        "hashed_secret": "94297c922da678a24c4fc963af0da51d961d8fe5",
        "is_verified": false,
        "line_number": 1126
      },
      {
        "type": "Base64 High Entropy String",
        "filename": "pnpm-lock.yaml",
        "hashed_secret": "1f0eb8fb4434346c68f359042c9fc254c1c46be6",
        "is_verified": false,
        "line_number": 1131
      },
      {
        "type": "Base64 High Entropy String",
        "filename": "pnpm-lock.yaml",
        "hashed_secret": "5d67ae5d1c2f8a622e078f0d8d16670619aa561e",
        "is_verified": false,
        "line_number": 1136
      },
      {
        "type": "Base64 High Entropy String",
        "filename": "pnpm-lock.yaml",
        "hashed_secret": "fee3efd07b8abcb9d734d6f324253508f7501156",
        "is_verified": false,
        "line_number": 1141
      },
      {
        "type": "Base64 High Entropy String",
        "filename": "pnpm-lock.yaml",
        "hashed_secret": "1380cb2734346cc00e41eb54cdd94860f4859e2c",
        "is_verified": false,
        "line_number": 1146
      },
      {
        "type": "Base64 High Entropy String",
        "filename": "pnpm-lock.yaml",
        "hashed_secret": "5aea3dce81939048d287d7761e40642490194d09",
        "is_verified": false,
        "line_number": 1151
      },
      {
        "type": "Base64 High Entropy String",
        "filename": "pnpm-lock.yaml",
        "hashed_secret": "11487ba85b40245c0bb0e34846085b8714439652",
        "is_verified": false,
        "line_number": 1156
      },
      {
        "type": "Base64 High Entropy String",
        "filename": "pnpm-lock.yaml",
        "hashed_secret": "9f2824e8182be80a655c1164a0c7d043abe0b2e8",
        "is_verified": false,
        "line_number": 1161
      },
      {
        "type": "Base64 High Entropy String",
        "filename": "pnpm-lock.yaml",
        "hashed_secret": "87bb0e1e3669074c5cda58de04798789e0eda61d",
        "is_verified": false,
        "line_number": 1166
      },
      {
        "type": "Base64 High Entropy String",
        "filename": "pnpm-lock.yaml",
        "hashed_secret": "5423261b835b9649ae476fc59e957f6cb03b2369",
        "is_verified": false,
        "line_number": 1171
      },
      {
        "type": "Base64 High Entropy String",
        "filename": "pnpm-lock.yaml",
        "hashed_secret": "c62e701dc37732b77d24e97d4676d597a1e1ce41",
        "is_verified": false,
        "line_number": 1176
      },
      {
        "type": "Base64 High Entropy String",
        "filename": "pnpm-lock.yaml",
        "hashed_secret": "58a0c6f04ab904bada0f96e79f61f7633b8e8554",
        "is_verified": false,
        "line_number": 1181
      },
      {
        "type": "Base64 High Entropy String",
        "filename": "pnpm-lock.yaml",
        "hashed_secret": "5ac63bbb4857e2c672bef90951ed012b5e1a3099",
        "is_verified": false,
        "line_number": 1186
      },
      {
        "type": "Base64 High Entropy String",
        "filename": "pnpm-lock.yaml",
        "hashed_secret": "20d426f26e00b5720de83b9af5e6e81896165eca",
        "is_verified": false,
        "line_number": 1191
      },
      {
        "type": "Base64 High Entropy String",
        "filename": "pnpm-lock.yaml",
        "hashed_secret": "7428930880404553b808af842d383598a61849a8",
        "is_verified": false,
        "line_number": 1195
      },
      {
        "type": "Base64 High Entropy String",
        "filename": "pnpm-lock.yaml",
        "hashed_secret": "e063e6d8046ec4521657c2d0352fd94c5d3635a5",
        "is_verified": false,
        "line_number": 1198
      },
      {
        "type": "Base64 High Entropy String",
        "filename": "pnpm-lock.yaml",
        "hashed_secret": "e0cad2c1c2babcee39a4c25ea773656432e980b5",
        "is_verified": false,
        "line_number": 1203
      },
      {
        "type": "Base64 High Entropy String",
        "filename": "pnpm-lock.yaml",
        "hashed_secret": "4f30f4179bf6aad2e2db264609aca318cddd0299",
        "is_verified": false,
        "line_number": 1207
      },
      {
        "type": "Base64 High Entropy String",
        "filename": "pnpm-lock.yaml",
        "hashed_secret": "b09adb7e7627fd788edd03017f0e834f5647d5a6",
        "is_verified": false,
        "line_number": 1211
      },
      {
        "type": "Base64 High Entropy String",
        "filename": "pnpm-lock.yaml",
        "hashed_secret": "ce235376083b3facbdd2cda6a4aefd5225f0d76e",
        "is_verified": false,
        "line_number": 1226
      },
      {
        "type": "Base64 High Entropy String",
        "filename": "pnpm-lock.yaml",
        "hashed_secret": "23b847f3370f612113c53bca00cffae8e46fb58b",
        "is_verified": false,
        "line_number": 1232
      },
      {
        "type": "Base64 High Entropy String",
        "filename": "pnpm-lock.yaml",
        "hashed_secret": "50a0bc6ed4bd15cd54a9ef3e744d9e367b1ee0b2",
        "is_verified": false,
        "line_number": 1235
      },
      {
        "type": "Base64 High Entropy String",
        "filename": "pnpm-lock.yaml",
        "hashed_secret": "f161e2b04f8faa8a514998b846300c0e52e3dde4",
        "is_verified": false,
        "line_number": 1238
      },
      {
        "type": "Base64 High Entropy String",
        "filename": "pnpm-lock.yaml",
        "hashed_secret": "21a255bacab0430cf0dd455985ab2ac363136cdb",
        "is_verified": false,
        "line_number": 1241
      },
      {
        "type": "Base64 High Entropy String",
        "filename": "pnpm-lock.yaml",
        "hashed_secret": "146791ae0b950340d17de1ffbda27158f3e8be1c",
        "is_verified": false,
        "line_number": 1244
      },
      {
        "type": "Base64 High Entropy String",
        "filename": "pnpm-lock.yaml",
        "hashed_secret": "904dae7e3147870781ad476afdbc281061d76e62",
        "is_verified": false,
        "line_number": 1247
      },
      {
        "type": "Base64 High Entropy String",
        "filename": "pnpm-lock.yaml",
        "hashed_secret": "81b9e66aec5d1da3cc27ab97af4bb4bbe78f05ab",
        "is_verified": false,
        "line_number": 1250
      },
      {
        "type": "Base64 High Entropy String",
        "filename": "pnpm-lock.yaml",
        "hashed_secret": "9402ea0418d951032aaabe0acfd5aff1da20095c",
        "is_verified": false,
        "line_number": 1253
      },
      {
        "type": "Base64 High Entropy String",
        "filename": "pnpm-lock.yaml",
        "hashed_secret": "d0927576ff5b588bb9c6406e694a036922d92093",
        "is_verified": false,
        "line_number": 1256
      },
      {
        "type": "Base64 High Entropy String",
        "filename": "pnpm-lock.yaml",
        "hashed_secret": "ec9c792c6b449bba3a3567c020da57aef0f0811f",
        "is_verified": false,
        "line_number": 1261
      },
      {
        "type": "Base64 High Entropy String",
        "filename": "pnpm-lock.yaml",
        "hashed_secret": "f9e9b7a46fd5e9ecfcefb6346174990fce029f76",
        "is_verified": false,
        "line_number": 1264
      },
      {
        "type": "Base64 High Entropy String",
        "filename": "pnpm-lock.yaml",
        "hashed_secret": "91ac182754770244539b3544b6e3a16f33f7a622",
        "is_verified": false,
        "line_number": 1267
      },
      {
        "type": "Base64 High Entropy String",
        "filename": "pnpm-lock.yaml",
        "hashed_secret": "e36727cfdb5374782c9595a5bc5a812185370999",
        "is_verified": false,
        "line_number": 1270
      },
      {
        "type": "Base64 High Entropy String",
        "filename": "pnpm-lock.yaml",
        "hashed_secret": "91e7edf530f3d2c573744a030a47764481de24a7",
        "is_verified": false,
        "line_number": 1276
      },
      {
        "type": "Base64 High Entropy String",
        "filename": "pnpm-lock.yaml",
        "hashed_secret": "9ca427b833d97f9025e7605a3a2dd0d081aaa0ee",
        "is_verified": false,
        "line_number": 1279
      },
      {
        "type": "Base64 High Entropy String",
        "filename": "pnpm-lock.yaml",
        "hashed_secret": "75d6aaa3b4dd6c53985c9f5ffabf6cfdb6a426dc",
        "is_verified": false,
        "line_number": 1290
      },
      {
        "type": "Base64 High Entropy String",
        "filename": "pnpm-lock.yaml",
        "hashed_secret": "d71cf22228db367a0643e25b4aaf35bda34fa9bb",
        "is_verified": false,
        "line_number": 1293
      },
      {
        "type": "Base64 High Entropy String",
        "filename": "pnpm-lock.yaml",
        "hashed_secret": "e82ef1986dfaf305bd0539f0c8413683c0b20ff1",
        "is_verified": false,
        "line_number": 1296
      },
      {
        "type": "Base64 High Entropy String",
        "filename": "pnpm-lock.yaml",
        "hashed_secret": "0414462c3828bc4fc16caaed47eeda948fe9cee7",
        "is_verified": false,
        "line_number": 1299
      },
      {
        "type": "Base64 High Entropy String",
        "filename": "pnpm-lock.yaml",
        "hashed_secret": "538f066bf5a6b310644be407205a05e28a8dc8fd",
        "is_verified": false,
        "line_number": 1302
      },
      {
        "type": "Base64 High Entropy String",
        "filename": "pnpm-lock.yaml",
        "hashed_secret": "c4500f6ef6d71520147cb4cf42394ed23891d064",
        "is_verified": false,
        "line_number": 1305
      },
      {
        "type": "Base64 High Entropy String",
        "filename": "pnpm-lock.yaml",
        "hashed_secret": "2ae70d048531371eeb026243778c761c5e8f33e3",
        "is_verified": false,
        "line_number": 1309
      },
      {
        "type": "Base64 High Entropy String",
        "filename": "pnpm-lock.yaml",
        "hashed_secret": "35ca90e5fa9b87427a5ff8b3f333a7b7d45fc260",
        "is_verified": false,
        "line_number": 1313
      },
      {
        "type": "Base64 High Entropy String",
        "filename": "pnpm-lock.yaml",
        "hashed_secret": "d15b82853a984c45aab87399878c98082bac85ba",
        "is_verified": false,
        "line_number": 1317
      },
      {
        "type": "Base64 High Entropy String",
        "filename": "pnpm-lock.yaml",
        "hashed_secret": "371ce323d657e273939fdad274085642a4da69de",
        "is_verified": false,
        "line_number": 1321
      },
      {
        "type": "Base64 High Entropy String",
        "filename": "pnpm-lock.yaml",
        "hashed_secret": "7277b236bc60020a5471623a1d1b550b8126ead9",
        "is_verified": false,
        "line_number": 1325
      },
      {
        "type": "Base64 High Entropy String",
        "filename": "pnpm-lock.yaml",
        "hashed_secret": "69508e9f25ead6b12c7a762c93b2a5b9cb587d60",
        "is_verified": false,
        "line_number": 1328
      },
      {
        "type": "Base64 High Entropy String",
        "filename": "pnpm-lock.yaml",
        "hashed_secret": "178361f52e4efe85fbcfbaad0a817b012c64be5d",
        "is_verified": false,
        "line_number": 1332
      },
      {
        "type": "Base64 High Entropy String",
        "filename": "pnpm-lock.yaml",
        "hashed_secret": "22bd0abeadedbe4ac89a1415cff3788f50a4dc48",
        "is_verified": false,
        "line_number": 1335
      },
      {
        "type": "Base64 High Entropy String",
        "filename": "pnpm-lock.yaml",
        "hashed_secret": "f3b53a220b75e239a29648a2022162f032abbc8d",
        "is_verified": false,
        "line_number": 1338
      },
      {
        "type": "Base64 High Entropy String",
        "filename": "pnpm-lock.yaml",
        "hashed_secret": "d032728a18c71c0a8e3f18b060f12d1ab9755c47",
        "is_verified": false,
        "line_number": 1342
      },
      {
        "type": "Base64 High Entropy String",
        "filename": "pnpm-lock.yaml",
        "hashed_secret": "b8434babdebe87a28a32c342a9ed215e5fe43378",
        "is_verified": false,
        "line_number": 1345
      },
      {
        "type": "Base64 High Entropy String",
        "filename": "pnpm-lock.yaml",
        "hashed_secret": "1c504c77e2b9f1ea0e1770e65673fd7f8b3f4c8f",
        "is_verified": false,
        "line_number": 1349
      },
      {
        "type": "Base64 High Entropy String",
        "filename": "pnpm-lock.yaml",
        "hashed_secret": "99a437d3daa0db7cb0d4ff9335d45094a3b94ceb",
        "is_verified": false,
        "line_number": 1353
      },
      {
        "type": "Base64 High Entropy String",
        "filename": "pnpm-lock.yaml",
        "hashed_secret": "fc2cc39b0432a93df4214029ed5e4c7c81e9a4af",
        "is_verified": false,
        "line_number": 1360
      },
      {
        "type": "Base64 High Entropy String",
        "filename": "pnpm-lock.yaml",
        "hashed_secret": "5b7cd7946ca5e56496386ea38016606310bfcf03",
        "is_verified": false,
        "line_number": 1364
      },
      {
        "type": "Base64 High Entropy String",
        "filename": "pnpm-lock.yaml",
        "hashed_secret": "6f5c5bdd3da1243bb7dc06b3b41af20df6b67818",
        "is_verified": false,
        "line_number": 1367
      },
      {
        "type": "Base64 High Entropy String",
        "filename": "pnpm-lock.yaml",
        "hashed_secret": "6218cfe8ba1d7ca732ab6609d9fac82f424d34db",
        "is_verified": false,
        "line_number": 1372
      },
      {
        "type": "Base64 High Entropy String",
        "filename": "pnpm-lock.yaml",
        "hashed_secret": "ac868894c9764514df7e9e22283be425a7745235",
        "is_verified": false,
        "line_number": 1376
      },
      {
        "type": "Base64 High Entropy String",
        "filename": "pnpm-lock.yaml",
        "hashed_secret": "4cd454d960136b7b4f74cca3c12010ff2ebd7663",
        "is_verified": false,
        "line_number": 1379
      },
      {
        "type": "Base64 High Entropy String",
        "filename": "pnpm-lock.yaml",
        "hashed_secret": "b83c83894d873c027ba4615d15104944324378f4",
        "is_verified": false,
        "line_number": 1383
      },
      {
        "type": "Base64 High Entropy String",
        "filename": "pnpm-lock.yaml",
        "hashed_secret": "c56c76bc828483f5553df346fb2eaa6e3e6c4bba",
        "is_verified": false,
        "line_number": 1388
      },
      {
        "type": "Base64 High Entropy String",
        "filename": "pnpm-lock.yaml",
        "hashed_secret": "72a386badd2497d383a1d9f68dd07100acca97e1",
        "is_verified": false,
        "line_number": 1392
      },
      {
        "type": "Base64 High Entropy String",
        "filename": "pnpm-lock.yaml",
        "hashed_secret": "1877ec58680bac0d945ca880fe7aefb0ca83743a",
        "is_verified": false,
        "line_number": 1396
      },
      {
        "type": "Base64 High Entropy String",
        "filename": "pnpm-lock.yaml",
        "hashed_secret": "5620b727309eb0585715c051b3f1ad6560879967",
        "is_verified": false,
        "line_number": 1399
      },
      {
        "type": "Base64 High Entropy String",
        "filename": "pnpm-lock.yaml",
        "hashed_secret": "ef9a2e426dd4d5752199df826a9fe0da21023cc1",
        "is_verified": false,
        "line_number": 1403
      },
      {
        "type": "Base64 High Entropy String",
        "filename": "pnpm-lock.yaml",
        "hashed_secret": "fd40953175f0c99e010e94312afacb63e7f1a817",
        "is_verified": false,
        "line_number": 1406
      },
      {
        "type": "Base64 High Entropy String",
        "filename": "pnpm-lock.yaml",
        "hashed_secret": "4116283da073d4ab654db7f17a1325f7d331e9c5",
        "is_verified": false,
        "line_number": 1410
      },
      {
        "type": "Base64 High Entropy String",
        "filename": "pnpm-lock.yaml",
        "hashed_secret": "ed8dee19a6f2946f9f7ee7c5f7d9652daa9064bb",
        "is_verified": false,
        "line_number": 1414
      },
      {
        "type": "Base64 High Entropy String",
        "filename": "pnpm-lock.yaml",
        "hashed_secret": "690af56af1384793272c233c11ffb5d354b49fc0",
        "is_verified": false,
        "line_number": 1417
      },
      {
        "type": "Base64 High Entropy String",
        "filename": "pnpm-lock.yaml",
        "hashed_secret": "43e69c85090264b5501c0964aaa3d048ee08fd37",
        "is_verified": false,
        "line_number": 1421
      },
      {
        "type": "Base64 High Entropy String",
        "filename": "pnpm-lock.yaml",
        "hashed_secret": "5974b42acc3c558a08c734a45a10785534b5d382",
        "is_verified": false,
        "line_number": 1425
      },
      {
        "type": "Base64 High Entropy String",
        "filename": "pnpm-lock.yaml",
        "hashed_secret": "91384b25fae910b4fb3847c70b40b3f56f68346d",
        "is_verified": false,
        "line_number": 1429
      },
      {
        "type": "Base64 High Entropy String",
        "filename": "pnpm-lock.yaml",
        "hashed_secret": "4ed49acfbd180533265d2099f3043963c4a24443",
        "is_verified": false,
        "line_number": 1435
      },
      {
        "type": "Base64 High Entropy String",
        "filename": "pnpm-lock.yaml",
        "hashed_secret": "428e72f71455a785963f1df5f85c26c6d6ae519b",
        "is_verified": false,
        "line_number": 1439
      },
      {
        "type": "Base64 High Entropy String",
        "filename": "pnpm-lock.yaml",
        "hashed_secret": "7030411394f496bb879400958e38cfe57c1d3194",
        "is_verified": false,
        "line_number": 1442
      },
      {
        "type": "Base64 High Entropy String",
        "filename": "pnpm-lock.yaml",
        "hashed_secret": "14f7b9701b0db90fc803d73c82e43a4d7f457065",
        "is_verified": false,
        "line_number": 1445
      },
      {
        "type": "Base64 High Entropy String",
        "filename": "pnpm-lock.yaml",
        "hashed_secret": "08c8ee0987f57add8cd4071488caef8ec431336a",
        "is_verified": false,
        "line_number": 1449
      },
      {
        "type": "Base64 High Entropy String",
        "filename": "pnpm-lock.yaml",
        "hashed_secret": "8f16039bc2ed9b93d8e319897b70cb25f25dfcc4",
        "is_verified": false,
        "line_number": 1452
      },
      {
        "type": "Base64 High Entropy String",
        "filename": "pnpm-lock.yaml",
        "hashed_secret": "bf2a7aa50ec6063cbb616daadb50eec0213fa61f",
        "is_verified": false,
        "line_number": 1456
      },
      {
        "type": "Base64 High Entropy String",
        "filename": "pnpm-lock.yaml",
        "hashed_secret": "99cb01a94916f4b1a4cd94d7c866029a9e3734ee",
        "is_verified": false,
        "line_number": 1459
      },
      {
        "type": "Base64 High Entropy String",
        "filename": "pnpm-lock.yaml",
        "hashed_secret": "a35cbc541c025ba5ccef5ca780a743f94848a218",
        "is_verified": false,
        "line_number": 1464
      },
      {
        "type": "Base64 High Entropy String",
        "filename": "pnpm-lock.yaml",
        "hashed_secret": "7f3dc3eeca35d4b8f640fea69abdb9249637616d",
        "is_verified": false,
        "line_number": 1467
      },
      {
        "type": "Base64 High Entropy String",
        "filename": "pnpm-lock.yaml",
        "hashed_secret": "f5f75498bedb2fb320a0c96529ed808e8032ab29",
        "is_verified": false,
        "line_number": 1470
      },
      {
        "type": "Base64 High Entropy String",
        "filename": "pnpm-lock.yaml",
        "hashed_secret": "d45062677e99f28b9a98f4b53e9af8f56b01bb10",
        "is_verified": false,
        "line_number": 1473
      },
      {
        "type": "Base64 High Entropy String",
        "filename": "pnpm-lock.yaml",
        "hashed_secret": "b4a9257558064dbd957e726d9d25d81b97837009",
        "is_verified": false,
        "line_number": 1482
      },
      {
        "type": "Base64 High Entropy String",
        "filename": "pnpm-lock.yaml",
        "hashed_secret": "d031e18cc14e54a719197084af4cd6b2372fd005",
        "is_verified": false,
        "line_number": 1486
      },
      {
        "type": "Base64 High Entropy String",
        "filename": "pnpm-lock.yaml",
        "hashed_secret": "6cfffbcd76530450de1b86aa6a25cf6232ba9dc8",
        "is_verified": false,
        "line_number": 1490
      },
      {
        "type": "Base64 High Entropy String",
        "filename": "pnpm-lock.yaml",
        "hashed_secret": "54ba87139d0c5207289a923783130268d213e835",
        "is_verified": false,
        "line_number": 1493
      },
      {
        "type": "Base64 High Entropy String",
        "filename": "pnpm-lock.yaml",
        "hashed_secret": "ce902c3f0a9a8a8f20ec7378275b70f836e0b402",
        "is_verified": false,
        "line_number": 1496
      },
      {
        "type": "Base64 High Entropy String",
        "filename": "pnpm-lock.yaml",
        "hashed_secret": "c02b39bafb6389010b678e8a4714d2ddfb10fe59",
        "is_verified": false,
        "line_number": 1499
      },
      {
        "type": "Base64 High Entropy String",
        "filename": "pnpm-lock.yaml",
        "hashed_secret": "46a4e83f9f3f3670ec1cf4445789431038008dc2",
        "is_verified": false,
        "line_number": 1502
      },
      {
        "type": "Base64 High Entropy String",
        "filename": "pnpm-lock.yaml",
        "hashed_secret": "85c58e506311c6758a65a5b287e2f748be696ea8",
        "is_verified": false,
        "line_number": 1505
      },
      {
        "type": "Base64 High Entropy String",
        "filename": "pnpm-lock.yaml",
        "hashed_secret": "fc7b2f07f919c3f8e20aa78a1756d2bcca252fb9",
        "is_verified": false,
        "line_number": 1508
      },
      {
        "type": "Base64 High Entropy String",
        "filename": "pnpm-lock.yaml",
        "hashed_secret": "79493155bf971702ff00e70c7bd59d1e56c9e40c",
        "is_verified": false,
        "line_number": 1511
      },
      {
        "type": "Base64 High Entropy String",
        "filename": "pnpm-lock.yaml",
        "hashed_secret": "cf75ddffbc923b32123e91e069fbcb97ac39c4d9",
        "is_verified": false,
        "line_number": 1515
      },
      {
        "type": "Base64 High Entropy String",
        "filename": "pnpm-lock.yaml",
        "hashed_secret": "d076e5a9f2245bcedf234f70abb7fa41d4d9f0dc",
        "is_verified": false,
        "line_number": 1519
      },
      {
        "type": "Base64 High Entropy String",
        "filename": "pnpm-lock.yaml",
        "hashed_secret": "508e13818451655db815826a00fe15a68b7481b7",
        "is_verified": false,
        "line_number": 1522
      },
      {
        "type": "Base64 High Entropy String",
        "filename": "pnpm-lock.yaml",
        "hashed_secret": "3cb8e7a708267691af8530db673cae1ad0578392",
        "is_verified": false,
        "line_number": 1527
      },
      {
        "type": "Base64 High Entropy String",
        "filename": "pnpm-lock.yaml",
        "hashed_secret": "763f4272f5426f2cb52dd90f1f6a490a4ce61418",
        "is_verified": false,
        "line_number": 1531
      },
      {
        "type": "Base64 High Entropy String",
        "filename": "pnpm-lock.yaml",
        "hashed_secret": "16d0c877fca994fd1c43bd7f131be967bf4f87b6",
        "is_verified": false,
        "line_number": 1534
      },
      {
        "type": "Base64 High Entropy String",
        "filename": "pnpm-lock.yaml",
        "hashed_secret": "c0f64a532897bbd5497996fdfec7cfcd087540ce",
        "is_verified": false,
        "line_number": 1538
      },
      {
        "type": "Base64 High Entropy String",
        "filename": "pnpm-lock.yaml",
        "hashed_secret": "b58ece1a23c6b414412378abceafd8549e609789",
        "is_verified": false,
        "line_number": 1541
      },
      {
        "type": "Base64 High Entropy String",
        "filename": "pnpm-lock.yaml",
        "hashed_secret": "4fb28b14ff2c4dfd32138126666d09b3b4779da5",
        "is_verified": false,
        "line_number": 1545
      },
      {
        "type": "Base64 High Entropy String",
        "filename": "pnpm-lock.yaml",
        "hashed_secret": "7e1d085812721297b6a5540f3b2d9416d2f57efb",
        "is_verified": false,
        "line_number": 1548
      },
      {
        "type": "Base64 High Entropy String",
        "filename": "pnpm-lock.yaml",
        "hashed_secret": "fa3e6343640bdfc534111bedad8e4be8658cb0b0",
        "is_verified": false,
        "line_number": 1551
      },
      {
        "type": "Base64 High Entropy String",
        "filename": "pnpm-lock.yaml",
        "hashed_secret": "02031683c4d321f8660ff8b2d0258362940c8a6d",
        "is_verified": false,
        "line_number": 1554
      },
      {
        "type": "Base64 High Entropy String",
        "filename": "pnpm-lock.yaml",
        "hashed_secret": "16fa3bfaeef78e32910c87baf9060e51490d09ad",
        "is_verified": false,
        "line_number": 1557
      },
      {
        "type": "Base64 High Entropy String",
        "filename": "pnpm-lock.yaml",
        "hashed_secret": "7c235e480345a8563b9b7348d8b568bd51bf3814",
        "is_verified": false,
        "line_number": 1566
      },
      {
        "type": "Base64 High Entropy String",
        "filename": "pnpm-lock.yaml",
        "hashed_secret": "d0401f38489b592a90e4c49f93204b5429b5e836",
        "is_verified": false,
        "line_number": 1570
      },
      {
        "type": "Base64 High Entropy String",
        "filename": "pnpm-lock.yaml",
        "hashed_secret": "d950cd8ef510429f57fb282e4a437321ca86158c",
        "is_verified": false,
        "line_number": 1573
      },
      {
        "type": "Base64 High Entropy String",
        "filename": "pnpm-lock.yaml",
        "hashed_secret": "e7f54899a1654525fbfb1d8c3ac44d632f655af1",
        "is_verified": false,
        "line_number": 1578
      },
      {
        "type": "Base64 High Entropy String",
        "filename": "pnpm-lock.yaml",
        "hashed_secret": "f5e09813aa79c07abdd4edd0469c3fad0a4ec10d",
        "is_verified": false,
        "line_number": 1581
      },
      {
        "type": "Base64 High Entropy String",
        "filename": "pnpm-lock.yaml",
        "hashed_secret": "184476d985c0d799b82544165cb4d456129f594c",
        "is_verified": false,
        "line_number": 1585
      },
      {
        "type": "Base64 High Entropy String",
        "filename": "pnpm-lock.yaml",
        "hashed_secret": "c80b43d625c11b70d6408c9e01348f73adb7c10e",
        "is_verified": false,
        "line_number": 1589
      },
      {
        "type": "Base64 High Entropy String",
        "filename": "pnpm-lock.yaml",
        "hashed_secret": "371ca38e7acde2cb9e7c1a8bea0355722ff047cf",
        "is_verified": false,
        "line_number": 1593
      },
      {
        "type": "Base64 High Entropy String",
        "filename": "pnpm-lock.yaml",
        "hashed_secret": "89345a033a4ecac54d56210d7fb9533fddc58490",
        "is_verified": false,
        "line_number": 1597
      },
      {
        "type": "Base64 High Entropy String",
        "filename": "pnpm-lock.yaml",
        "hashed_secret": "9dd9ff5c7a0788c5473eb4204554be3ae9e69dcb",
        "is_verified": false,
        "line_number": 1601
      },
      {
        "type": "Base64 High Entropy String",
        "filename": "pnpm-lock.yaml",
        "hashed_secret": "0e4822dd3e32b8eaa73dbb61053e36d09189c291",
        "is_verified": false,
        "line_number": 1605
      },
      {
        "type": "Base64 High Entropy String",
        "filename": "pnpm-lock.yaml",
        "hashed_secret": "a171d831e5bb8b8dd823212d122109b84af8a0d9",
        "is_verified": false,
        "line_number": 1609
      },
      {
        "type": "Base64 High Entropy String",
        "filename": "pnpm-lock.yaml",
        "hashed_secret": "492f7af72b8ed205d898deb4e73463b7077e70a9",
        "is_verified": false,
        "line_number": 1613
      },
      {
        "type": "Base64 High Entropy String",
        "filename": "pnpm-lock.yaml",
        "hashed_secret": "5bcb233a4cf6e79f65a75aa15e06169c85eabfc4",
        "is_verified": false,
        "line_number": 1616
      },
      {
        "type": "Base64 High Entropy String",
        "filename": "pnpm-lock.yaml",
        "hashed_secret": "1109544447e298af75035b2bbfc851610f963a65",
        "is_verified": false,
        "line_number": 1620
      },
      {
        "type": "Base64 High Entropy String",
        "filename": "pnpm-lock.yaml",
        "hashed_secret": "99d31bbf1fd9923636d280d76ca3572bdf090e0f",
        "is_verified": false,
        "line_number": 1624
      },
      {
        "type": "Base64 High Entropy String",
        "filename": "pnpm-lock.yaml",
        "hashed_secret": "3c22fe71719555d5e4c508c724ee1c9a9728d8a1",
        "is_verified": false,
        "line_number": 1628
      },
      {
        "type": "Base64 High Entropy String",
        "filename": "pnpm-lock.yaml",
        "hashed_secret": "86b823e63205b55fc703755bdb60b699ad07c39d",
        "is_verified": false,
        "line_number": 1632
      },
      {
        "type": "Base64 High Entropy String",
        "filename": "pnpm-lock.yaml",
        "hashed_secret": "e9ce08fb0922eb7b6fd8078a79f948726b9b756e",
        "is_verified": false,
        "line_number": 1636
      },
      {
        "type": "Base64 High Entropy String",
        "filename": "pnpm-lock.yaml",
        "hashed_secret": "d5ec021cbb92c3486e38fac176f4f59a6c1d92e8",
        "is_verified": false,
        "line_number": 1640
      },
      {
        "type": "Base64 High Entropy String",
        "filename": "pnpm-lock.yaml",
        "hashed_secret": "0168f03d6f1748d5d7ae624a93f711333b69d01c",
        "is_verified": false,
        "line_number": 1644
      },
      {
        "type": "Base64 High Entropy String",
        "filename": "pnpm-lock.yaml",
        "hashed_secret": "f88f23dafd3c868018f752bc0f0b816603b8fdcf",
        "is_verified": false,
        "line_number": 1648
      },
      {
        "type": "Base64 High Entropy String",
        "filename": "pnpm-lock.yaml",
        "hashed_secret": "8f95bdf43361cffe6720264f402b5636239f6367",
        "is_verified": false,
        "line_number": 1651
      },
      {
        "type": "Base64 High Entropy String",
        "filename": "pnpm-lock.yaml",
        "hashed_secret": "06fc1513db655acfa08e82ec8b69826755e1f305",
        "is_verified": false,
        "line_number": 1655
      },
      {
        "type": "Base64 High Entropy String",
        "filename": "pnpm-lock.yaml",
        "hashed_secret": "c81517653d65ad0a37ea4f53ed4eb593f8a4151a",
        "is_verified": false,
        "line_number": 1659
      },
      {
        "type": "Base64 High Entropy String",
        "filename": "pnpm-lock.yaml",
        "hashed_secret": "5856bd4cb3a23981807d6e537408344c13ffaada",
        "is_verified": false,
        "line_number": 1663
      },
      {
        "type": "Base64 High Entropy String",
        "filename": "pnpm-lock.yaml",
        "hashed_secret": "8da770913ab3fed8950b46c40172eb6b57af7f9d",
        "is_verified": false,
        "line_number": 1666
      },
      {
        "type": "Base64 High Entropy String",
        "filename": "pnpm-lock.yaml",
        "hashed_secret": "3773d33c5207f8939a7a42e355daa3e28619cab1",
        "is_verified": false,
        "line_number": 1670
      },
      {
        "type": "Base64 High Entropy String",
        "filename": "pnpm-lock.yaml",
        "hashed_secret": "e7c4ee17ab711302f98d915dd0b266cd2d1063e5",
        "is_verified": false,
        "line_number": 1675
      },
      {
        "type": "Base64 High Entropy String",
        "filename": "pnpm-lock.yaml",
        "hashed_secret": "88d5de50147c0a55cf86a9c79b0002573f21febe",
        "is_verified": false,
        "line_number": 1678
      },
      {
        "type": "Base64 High Entropy String",
        "filename": "pnpm-lock.yaml",
        "hashed_secret": "5ca14e34f1ca97b3207356816b44c42445f02180",
        "is_verified": false,
        "line_number": 1683
      },
      {
        "type": "Base64 High Entropy String",
        "filename": "pnpm-lock.yaml",
        "hashed_secret": "1e94f147d0d24999498d3527047accfcd7cd2402",
        "is_verified": false,
        "line_number": 1687
      },
      {
        "type": "Base64 High Entropy String",
        "filename": "pnpm-lock.yaml",
        "hashed_secret": "fb9c7a703400fb200bda1edab8099ecde48d9af7",
        "is_verified": false,
        "line_number": 1690
      },
      {
        "type": "Base64 High Entropy String",
        "filename": "pnpm-lock.yaml",
        "hashed_secret": "73bc28172456bad6166fd9a576eb52082dc4dd3c",
        "is_verified": false,
        "line_number": 1694
      },
      {
        "type": "Base64 High Entropy String",
        "filename": "pnpm-lock.yaml",
        "hashed_secret": "7ed5906c17ddd4e8330c8475dac722175e5e67c4",
        "is_verified": false,
        "line_number": 1697
      },
      {
        "type": "Base64 High Entropy String",
        "filename": "pnpm-lock.yaml",
        "hashed_secret": "e8e3324d12da71b02c7ff9650a0ebabd02e259bd",
        "is_verified": false,
        "line_number": 1700
      },
      {
        "type": "Base64 High Entropy String",
        "filename": "pnpm-lock.yaml",
        "hashed_secret": "7aa924d4aef9f14c78acee8a31bcbd78b26e9898",
        "is_verified": false,
        "line_number": 1705
      },
      {
        "type": "Base64 High Entropy String",
        "filename": "pnpm-lock.yaml",
        "hashed_secret": "1e2228f0d8e0fc2bc3b8740a8ff3d287006b9a38",
        "is_verified": false,
        "line_number": 1709
      },
      {
        "type": "Base64 High Entropy String",
        "filename": "pnpm-lock.yaml",
        "hashed_secret": "73f99321c1d31c19b059d58bf503320edb5ca0b8",
        "is_verified": false,
        "line_number": 1712
      },
      {
        "type": "Base64 High Entropy String",
        "filename": "pnpm-lock.yaml",
        "hashed_secret": "81a165cc6dfc1c5b2a498fefdd6a0774232063b9",
        "is_verified": false,
        "line_number": 1716
      },
      {
        "type": "Base64 High Entropy String",
        "filename": "pnpm-lock.yaml",
        "hashed_secret": "06c654850ce93559d42fd5f657cbee6c4d9b47c5",
        "is_verified": false,
        "line_number": 1720
      },
      {
        "type": "Base64 High Entropy String",
        "filename": "pnpm-lock.yaml",
        "hashed_secret": "e0b29f8fa981496c2c730301aab62ecd8edc4ca9",
        "is_verified": false,
        "line_number": 1724
      },
      {
        "type": "Base64 High Entropy String",
        "filename": "pnpm-lock.yaml",
        "hashed_secret": "805d9656080308c11cde7cb7f0310e12c7e60c48",
        "is_verified": false,
        "line_number": 1728
      },
      {
        "type": "Base64 High Entropy String",
        "filename": "pnpm-lock.yaml",
        "hashed_secret": "0f3aad308f7d7aeda44be4ff59b8e2ec54106547",
        "is_verified": false,
        "line_number": 1731
      },
      {
        "type": "Base64 High Entropy String",
        "filename": "pnpm-lock.yaml",
        "hashed_secret": "e6790cf37e1bb89911a301e911658358eb18670e",
        "is_verified": false,
        "line_number": 1741
      },
      {
        "type": "Base64 High Entropy String",
        "filename": "pnpm-lock.yaml",
        "hashed_secret": "0b71f251dce97cc8c0879562a464e3e95411019e",
        "is_verified": false,
        "line_number": 1745
      },
      {
        "type": "Base64 High Entropy String",
        "filename": "pnpm-lock.yaml",
        "hashed_secret": "ca13874532c9df50a570a36576667e2bbd4383bc",
        "is_verified": false,
        "line_number": 1748
      },
      {
        "type": "Base64 High Entropy String",
        "filename": "pnpm-lock.yaml",
        "hashed_secret": "57850ae994dc8800eef664d4c7e35bbc69515b6e",
        "is_verified": false,
        "line_number": 1753
      },
      {
        "type": "Base64 High Entropy String",
        "filename": "pnpm-lock.yaml",
        "hashed_secret": "039402669c1aede6e4610633b97135d5734a4524",
        "is_verified": false,
        "line_number": 1759
      },
      {
        "type": "Base64 High Entropy String",
        "filename": "pnpm-lock.yaml",
        "hashed_secret": "0a68e003e521d8b996e1c07b3b5b2664de31fa44",
        "is_verified": false,
        "line_number": 1762
      },
      {
        "type": "Base64 High Entropy String",
        "filename": "pnpm-lock.yaml",
        "hashed_secret": "bfa89e1607d2248db3523f241a0e9eb543cd0061",
        "is_verified": false,
        "line_number": 1766
      },
      {
        "type": "Base64 High Entropy String",
        "filename": "pnpm-lock.yaml",
        "hashed_secret": "985185388fe2a81d7d30564b103c1d5671af7fc2",
        "is_verified": false,
        "line_number": 1770
      },
      {
        "type": "Base64 High Entropy String",
        "filename": "pnpm-lock.yaml",
        "hashed_secret": "0068b03dd044e73dc1de6f7707bb8d72e555af0c",
        "is_verified": false,
        "line_number": 1774
      },
      {
        "type": "Base64 High Entropy String",
        "filename": "pnpm-lock.yaml",
        "hashed_secret": "c8276c26f6b8a98745999fa077fdeabacbe21dd3",
        "is_verified": false,
        "line_number": 1777
      },
      {
        "type": "Base64 High Entropy String",
        "filename": "pnpm-lock.yaml",
        "hashed_secret": "68e4d349b8cc3877f91b519189e1ca6e0ea4fc5d",
        "is_verified": false,
        "line_number": 1780
      },
      {
        "type": "Base64 High Entropy String",
        "filename": "pnpm-lock.yaml",
        "hashed_secret": "7356a0be2ffe123fd4b708a6d09ecdddaa038c22",
        "is_verified": false,
        "line_number": 1786
      },
      {
        "type": "Base64 High Entropy String",
        "filename": "pnpm-lock.yaml",
        "hashed_secret": "4039d58fcdf24b8e6b7155cb75b139d4d81b3a82",
        "is_verified": false,
        "line_number": 1789
      },
      {
        "type": "Base64 High Entropy String",
        "filename": "pnpm-lock.yaml",
        "hashed_secret": "e159739ed2c59133b3d3012a0a2e1aa4dab506c8",
        "is_verified": false,
        "line_number": 1793
      },
      {
        "type": "Base64 High Entropy String",
        "filename": "pnpm-lock.yaml",
        "hashed_secret": "e1beff0b39929c9538a683456356f4b7da203723",
        "is_verified": false,
        "line_number": 1796
      },
      {
        "type": "Base64 High Entropy String",
        "filename": "pnpm-lock.yaml",
        "hashed_secret": "976e08d754318ea78969397d0d99157a6e8813a3",
        "is_verified": false,
        "line_number": 1799
      },
      {
        "type": "Base64 High Entropy String",
        "filename": "pnpm-lock.yaml",
        "hashed_secret": "406d7e234572008768bde7f31b176a7a0f8da4f0",
        "is_verified": false,
        "line_number": 1802
      },
      {
        "type": "Base64 High Entropy String",
        "filename": "pnpm-lock.yaml",
        "hashed_secret": "4439cc784aca22e5cdf33ed6656f5b8b99eaa44d",
        "is_verified": false,
        "line_number": 1806
      },
      {
        "type": "Base64 High Entropy String",
        "filename": "pnpm-lock.yaml",
        "hashed_secret": "3bae03646f3110a32c0d619e0c5fb4a15d624dfb",
        "is_verified": false,
        "line_number": 1809
      },
      {
        "type": "Base64 High Entropy String",
        "filename": "pnpm-lock.yaml",
        "hashed_secret": "84cbfec871cf2b178ab90fcc1f442fa369e99a02",
        "is_verified": false,
        "line_number": 1813
      },
      {
        "type": "Base64 High Entropy String",
        "filename": "pnpm-lock.yaml",
        "hashed_secret": "df98ab59d267c0f604757eb30efd5f4b1e6503d4",
        "is_verified": false,
        "line_number": 1817
      },
      {
        "type": "Base64 High Entropy String",
        "filename": "pnpm-lock.yaml",
        "hashed_secret": "dabcefa910bca0b7a0a6e2ee5b8ba0afef580da4",
        "is_verified": false,
        "line_number": 1821
      },
      {
        "type": "Base64 High Entropy String",
        "filename": "pnpm-lock.yaml",
        "hashed_secret": "04e5a6b175c50a9dcd36aa12a34a89ce23694d58",
        "is_verified": false,
        "line_number": 1825
      },
      {
        "type": "Base64 High Entropy String",
        "filename": "pnpm-lock.yaml",
        "hashed_secret": "a31cf580b37a1b65d4d0486b65649b34011762b0",
        "is_verified": false,
        "line_number": 1829
      },
      {
        "type": "Base64 High Entropy String",
        "filename": "pnpm-lock.yaml",
        "hashed_secret": "4896cd30accccc78d62e9db4e8a1865d9e5fa61f",
        "is_verified": false,
        "line_number": 1835
      },
      {
        "type": "Base64 High Entropy String",
        "filename": "pnpm-lock.yaml",
        "hashed_secret": "e756e126f041c8f4007c0a7abd9ddbd6c2c54b41",
        "is_verified": false,
        "line_number": 1841
      },
      {
        "type": "Base64 High Entropy String",
        "filename": "pnpm-lock.yaml",
        "hashed_secret": "98cfc88c41acb04d6ec27abde34442bb401d46ea",
        "is_verified": false,
        "line_number": 1859
      },
      {
        "type": "Base64 High Entropy String",
        "filename": "pnpm-lock.yaml",
        "hashed_secret": "6837669fa4a52e6a4797406432b3fc91f3b2fdca",
        "is_verified": false,
        "line_number": 1865
      },
      {
        "type": "Base64 High Entropy String",
        "filename": "pnpm-lock.yaml",
        "hashed_secret": "157e5b0c4ac544ad1a995d6414e4dd539af39aa3",
        "is_verified": false,
        "line_number": 1869
      },
      {
        "type": "Base64 High Entropy String",
        "filename": "pnpm-lock.yaml",
        "hashed_secret": "cf7ae21a07aec42c0047f67e1b0b7ecd28fc23b5",
        "is_verified": false,
        "line_number": 1872
      },
      {
        "type": "Base64 High Entropy String",
        "filename": "pnpm-lock.yaml",
        "hashed_secret": "21ce40fa7b942491db7f5babb19538e726c27e8d",
        "is_verified": false,
        "line_number": 1876
      },
      {
        "type": "Base64 High Entropy String",
        "filename": "pnpm-lock.yaml",
        "hashed_secret": "6c8698ec180cb58d9c2baa683e3a57c1eb18e2f3",
        "is_verified": false,
        "line_number": 1880
      },
      {
        "type": "Base64 High Entropy String",
        "filename": "pnpm-lock.yaml",
        "hashed_secret": "f570f1f28cd3e219a9a78afa462cb48cc018b89c",
        "is_verified": false,
        "line_number": 1883
      },
      {
        "type": "Base64 High Entropy String",
        "filename": "pnpm-lock.yaml",
        "hashed_secret": "62066f5078abd3f1c707b12b69fcb8d5c45f69ff",
        "is_verified": false,
        "line_number": 1889
      },
      {
        "type": "Base64 High Entropy String",
        "filename": "pnpm-lock.yaml",
        "hashed_secret": "55928897370975156541a6a821ca8ad4306a0a55",
        "is_verified": false,
        "line_number": 1894
      },
      {
        "type": "Base64 High Entropy String",
        "filename": "pnpm-lock.yaml",
        "hashed_secret": "ef92e3e90926767f04ea05b4fc58e71019cf68d5",
        "is_verified": false,
        "line_number": 1900
      },
      {
        "type": "Base64 High Entropy String",
        "filename": "pnpm-lock.yaml",
        "hashed_secret": "fdc540c809ae88d0d77093f757f4a36ce9bdb89b",
        "is_verified": false,
        "line_number": 1903
      },
      {
        "type": "Base64 High Entropy String",
        "filename": "pnpm-lock.yaml",
        "hashed_secret": "9e2f4835a3c6149aa8c2f449cc4b4654d36a24e4",
        "is_verified": false,
        "line_number": 1907
      },
      {
        "type": "Base64 High Entropy String",
        "filename": "pnpm-lock.yaml",
        "hashed_secret": "ac7754e0faf25c9d2f4ee8e116d76278bd94bf92",
        "is_verified": false,
        "line_number": 1917
      },
      {
        "type": "Base64 High Entropy String",
        "filename": "pnpm-lock.yaml",
        "hashed_secret": "9c3f00e6d6697d91105b0e6e1a01eaed92be57e0",
        "is_verified": false,
        "line_number": 1927
      },
      {
        "type": "Base64 High Entropy String",
        "filename": "pnpm-lock.yaml",
        "hashed_secret": "7ff8cf826efa8c1b3213f19f4674f21f200dd308",
        "is_verified": false,
        "line_number": 1934
      },
      {
        "type": "Base64 High Entropy String",
        "filename": "pnpm-lock.yaml",
        "hashed_secret": "47d3a36693956435bfb86f052ce1c48d7cc61595",
        "is_verified": false,
        "line_number": 1944
      },
      {
        "type": "Base64 High Entropy String",
        "filename": "pnpm-lock.yaml",
        "hashed_secret": "4f171d08ea6de5b94bad0eff32e65a96a10ac15a",
        "is_verified": false,
        "line_number": 1954
      },
      {
        "type": "Base64 High Entropy String",
        "filename": "pnpm-lock.yaml",
        "hashed_secret": "68fc429cdef15b95e7216be802013b2add02f744",
        "is_verified": false,
        "line_number": 1958
      },
      {
        "type": "Base64 High Entropy String",
        "filename": "pnpm-lock.yaml",
        "hashed_secret": "9dff9e9fd2f6eeeb815eb9db94eff6248259ba16",
        "is_verified": false,
        "line_number": 1961
      },
      {
        "type": "Base64 High Entropy String",
        "filename": "pnpm-lock.yaml",
        "hashed_secret": "8eb603f181d16409922883159c02899b089f6d60",
        "is_verified": false,
        "line_number": 1965
      },
      {
        "type": "Base64 High Entropy String",
        "filename": "pnpm-lock.yaml",
        "hashed_secret": "f0c03d9fdf996d0b350c7bbfe5f7db54c1487504",
        "is_verified": false,
        "line_number": 1969
      },
      {
        "type": "Base64 High Entropy String",
        "filename": "pnpm-lock.yaml",
        "hashed_secret": "3c48660b66db6687c2ba1b7ffbac279614eead6e",
        "is_verified": false,
        "line_number": 1972
      },
      {
        "type": "Base64 High Entropy String",
        "filename": "pnpm-lock.yaml",
        "hashed_secret": "5a485a4915f94231f9dc5b355ddda367442ba450",
        "is_verified": false,
        "line_number": 1976
      },
      {
        "type": "Base64 High Entropy String",
        "filename": "pnpm-lock.yaml",
        "hashed_secret": "ae9c159171e84094834f9918b5a39ce738e36f91",
        "is_verified": false,
        "line_number": 1980
      },
      {
        "type": "Base64 High Entropy String",
        "filename": "pnpm-lock.yaml",
        "hashed_secret": "c34d042c87d59616b4cd0a1e89b5608eb049efef",
        "is_verified": false,
        "line_number": 1985
      },
      {
        "type": "Base64 High Entropy String",
        "filename": "pnpm-lock.yaml",
        "hashed_secret": "19a998b1bf7031d19515cd35f049a7a6aa7dd1b3",
        "is_verified": false,
        "line_number": 1988
      },
      {
        "type": "Base64 High Entropy String",
        "filename": "pnpm-lock.yaml",
        "hashed_secret": "4a92c1257b67845f12260b454ba353a5919dec29",
        "is_verified": false,
        "line_number": 1992
      },
      {
        "type": "Base64 High Entropy String",
        "filename": "pnpm-lock.yaml",
        "hashed_secret": "dba7a636ef0b7f00cb8c1cfce617db1201444012",
        "is_verified": false,
        "line_number": 1997
      },
      {
        "type": "Base64 High Entropy String",
        "filename": "pnpm-lock.yaml",
        "hashed_secret": "2e9e26d0fd5a69fc56b781ec5b24890dfb4976fe",
        "is_verified": false,
        "line_number": 2000
      },
      {
        "type": "Base64 High Entropy String",
        "filename": "pnpm-lock.yaml",
        "hashed_secret": "dc84bd66761f714927258320c0bb8dae84587827",
        "is_verified": false,
        "line_number": 2003
      },
      {
        "type": "Base64 High Entropy String",
        "filename": "pnpm-lock.yaml",
        "hashed_secret": "2fd4d093008863345a56756800819a01bf8e0451",
        "is_verified": false,
        "line_number": 2007
      },
      {
        "type": "Base64 High Entropy String",
        "filename": "pnpm-lock.yaml",
        "hashed_secret": "f9fd81843f2a26e1be00fb6acfcb3895cffedfe6",
        "is_verified": false,
        "line_number": 2010
      },
      {
        "type": "Base64 High Entropy String",
        "filename": "pnpm-lock.yaml",
        "hashed_secret": "33e224ae0061fa6dc855702e88cad5e948136009",
        "is_verified": false,
        "line_number": 2013
      },
      {
        "type": "Base64 High Entropy String",
        "filename": "pnpm-lock.yaml",
        "hashed_secret": "e0c6ae09dd70fa25056d591ada0ad32df0dfe873",
        "is_verified": false,
        "line_number": 2016
      },
      {
        "type": "Base64 High Entropy String",
        "filename": "pnpm-lock.yaml",
        "hashed_secret": "a3e455e610a2599c21af6806a2d0bcfa38dd3e0e",
        "is_verified": false,
        "line_number": 2020
      },
      {
        "type": "Base64 High Entropy String",
        "filename": "pnpm-lock.yaml",
        "hashed_secret": "336d02c1e7195c5237197b5884304099ab15c6ba",
        "is_verified": false,
        "line_number": 2026
      },
      {
        "type": "Base64 High Entropy String",
        "filename": "pnpm-lock.yaml",
        "hashed_secret": "b015b77432bd6d255596af7b2f552d8e8c91a7f7",
        "is_verified": false,
        "line_number": 2030
      },
      {
        "type": "Base64 High Entropy String",
        "filename": "pnpm-lock.yaml",
        "hashed_secret": "4dcc5c09923b9c0c9014f1f416f58aed8360e584",
        "is_verified": false,
        "line_number": 2033
      },
      {
        "type": "Base64 High Entropy String",
        "filename": "pnpm-lock.yaml",
        "hashed_secret": "32026694f097ae0956b46d081f53c72d129a0e9d",
        "is_verified": false,
        "line_number": 2037
      },
      {
        "type": "Base64 High Entropy String",
        "filename": "pnpm-lock.yaml",
        "hashed_secret": "178a2a33e0c0d75178a413e0aac2f8cbab930635",
        "is_verified": false,
        "line_number": 2040
      },
      {
        "type": "Base64 High Entropy String",
        "filename": "pnpm-lock.yaml",
        "hashed_secret": "bdaf8b094715fef6fc9d26c411bc0f51e1f4d6bd",
        "is_verified": false,
        "line_number": 2043
      },
      {
        "type": "Base64 High Entropy String",
        "filename": "pnpm-lock.yaml",
        "hashed_secret": "4c8a960439864672cef22edf28a40c8a3749ed68",
        "is_verified": false,
        "line_number": 2047
      },
      {
        "type": "Base64 High Entropy String",
        "filename": "pnpm-lock.yaml",
        "hashed_secret": "bd781c148f26d1f4846c44ad3eb29636a326b436",
        "is_verified": false,
        "line_number": 2051
      },
      {
        "type": "Base64 High Entropy String",
        "filename": "pnpm-lock.yaml",
        "hashed_secret": "3f5f648787fa8fcc2cbdc1860acb3ba1302278a5",
        "is_verified": false,
        "line_number": 2055
      },
      {
        "type": "Base64 High Entropy String",
        "filename": "pnpm-lock.yaml",
        "hashed_secret": "32a48024ad5e348c017101be2f161aa38cb0e631",
        "is_verified": false,
        "line_number": 2060
      },
      {
        "type": "Base64 High Entropy String",
        "filename": "pnpm-lock.yaml",
        "hashed_secret": "b5ff241f1dfeac7af202ffcfa8df6b14badc21d5",
        "is_verified": false,
        "line_number": 2064
      },
      {
        "type": "Base64 High Entropy String",
        "filename": "pnpm-lock.yaml",
        "hashed_secret": "f00390dc74fe6fbe3521da94d3a490c245a42b67",
        "is_verified": false,
        "line_number": 2068
      },
      {
        "type": "Base64 High Entropy String",
        "filename": "pnpm-lock.yaml",
        "hashed_secret": "3110d13a9b5ea115c92df755b6960ba2930c2063",
        "is_verified": false,
        "line_number": 2072
      },
      {
        "type": "Base64 High Entropy String",
        "filename": "pnpm-lock.yaml",
        "hashed_secret": "f5cde8151f6ac3de1ce731aa99fec04b98fca09f",
        "is_verified": false,
        "line_number": 2075
      },
      {
        "type": "Base64 High Entropy String",
        "filename": "pnpm-lock.yaml",
        "hashed_secret": "6cd47b399613f7ab11c0f066f1f4cc9bfc0c480d",
        "is_verified": false,
        "line_number": 2080
      },
      {
        "type": "Base64 High Entropy String",
        "filename": "pnpm-lock.yaml",
        "hashed_secret": "2cb5b9f6443249aa68b40b28591255745def6b89",
        "is_verified": false,
        "line_number": 2085
      },
      {
        "type": "Base64 High Entropy String",
        "filename": "pnpm-lock.yaml",
        "hashed_secret": "ff38528f4ba7ae788e34ce04ce2b8c83d9fbaed9",
        "is_verified": false,
        "line_number": 2089
      },
      {
        "type": "Base64 High Entropy String",
        "filename": "pnpm-lock.yaml",
        "hashed_secret": "2fbe8ab30e5355ea9d7538aec4d6c869562a0ed8",
        "is_verified": false,
        "line_number": 2092
      },
      {
        "type": "Base64 High Entropy String",
        "filename": "pnpm-lock.yaml",
        "hashed_secret": "a664083cd7ea977f953eb398c15a7391521e8c88",
        "is_verified": false,
        "line_number": 2095
      },
      {
        "type": "Base64 High Entropy String",
        "filename": "pnpm-lock.yaml",
        "hashed_secret": "bcc923e3a3bbb5c5c7c2f2b5e17bda91f8076652",
        "is_verified": false,
        "line_number": 2098
      },
      {
        "type": "Base64 High Entropy String",
        "filename": "pnpm-lock.yaml",
        "hashed_secret": "66022833f4701f45cff007311050911fe571487c",
        "is_verified": false,
        "line_number": 2102
      },
      {
        "type": "Base64 High Entropy String",
        "filename": "pnpm-lock.yaml",
        "hashed_secret": "295370934921eb088b38a5591b27ef4c3feeabda",
        "is_verified": false,
        "line_number": 2106
      },
      {
        "type": "Base64 High Entropy String",
        "filename": "pnpm-lock.yaml",
        "hashed_secret": "48ab61adf0ee0771b3002628be653baccb9af277",
        "is_verified": false,
        "line_number": 2110
      },
      {
        "type": "Base64 High Entropy String",
        "filename": "pnpm-lock.yaml",
        "hashed_secret": "565f3763242a541920df2583874a5f95829080f0",
        "is_verified": false,
        "line_number": 2114
      },
      {
        "type": "Base64 High Entropy String",
        "filename": "pnpm-lock.yaml",
        "hashed_secret": "833fa4ba1671f98715e4450c7fa39b2983ed51ee",
        "is_verified": false,
        "line_number": 2117
      },
      {
        "type": "Base64 High Entropy String",
        "filename": "pnpm-lock.yaml",
        "hashed_secret": "36a41bfa336a40f390233bcb3edba75b423c0ac5",
        "is_verified": false,
        "line_number": 2121
      },
      {
        "type": "Base64 High Entropy String",
        "filename": "pnpm-lock.yaml",
        "hashed_secret": "bf3e3cda4d110e6f625eae7b1bc8bd5d9e1cd8d5",
        "is_verified": false,
        "line_number": 2125
      },
      {
        "type": "Base64 High Entropy String",
        "filename": "pnpm-lock.yaml",
        "hashed_secret": "b1bf45193c44e282561612073f10ee0080d34233",
        "is_verified": false,
        "line_number": 2129
      },
      {
        "type": "Base64 High Entropy String",
        "filename": "pnpm-lock.yaml",
        "hashed_secret": "9bf200e3147a1d837839d6bf5b649716c1537cbb",
        "is_verified": false,
        "line_number": 2132
      },
      {
        "type": "Base64 High Entropy String",
        "filename": "pnpm-lock.yaml",
        "hashed_secret": "61daef219a32046633e73ba8c3fefa7d4ab6b969",
        "is_verified": false,
        "line_number": 2135
      },
      {
        "type": "Base64 High Entropy String",
        "filename": "pnpm-lock.yaml",
        "hashed_secret": "141f1e477a1c43147cfd2dba506a8b057a1acdc4",
        "is_verified": false,
        "line_number": 2139
      },
      {
        "type": "Base64 High Entropy String",
        "filename": "pnpm-lock.yaml",
        "hashed_secret": "8239574b4263502316ae4af75858c8537b8f9dc2",
        "is_verified": false,
        "line_number": 2143
      },
      {
        "type": "Base64 High Entropy String",
        "filename": "pnpm-lock.yaml",
        "hashed_secret": "7c43a5a81cdfc2d174e64e7441e07b48f610be0e",
        "is_verified": false,
        "line_number": 2148
      },
      {
        "type": "Base64 High Entropy String",
        "filename": "pnpm-lock.yaml",
        "hashed_secret": "62c2af8b17725ed8d9e7c506d7975998b6a1a367",
        "is_verified": false,
        "line_number": 2151
      },
      {
        "type": "Base64 High Entropy String",
        "filename": "pnpm-lock.yaml",
        "hashed_secret": "f2f138a5ead5a6a39c60b357eada0cb5a3ef1179",
        "is_verified": false,
        "line_number": 2154
      },
      {
        "type": "Base64 High Entropy String",
        "filename": "pnpm-lock.yaml",
        "hashed_secret": "c408b8491e206277f47d6e9ada6f79bef612d01e",
        "is_verified": false,
        "line_number": 2160
      },
      {
        "type": "Base64 High Entropy String",
        "filename": "pnpm-lock.yaml",
        "hashed_secret": "acc27d538c903c3097a9fe198c0a1d9f8ad7efcc",
        "is_verified": false,
        "line_number": 2163
      },
      {
        "type": "Base64 High Entropy String",
        "filename": "pnpm-lock.yaml",
        "hashed_secret": "1ea125887e03dda4c31037928eddc57d4541b64b",
        "is_verified": false,
        "line_number": 2173
      },
      {
        "type": "Base64 High Entropy String",
        "filename": "pnpm-lock.yaml",
        "hashed_secret": "e7c3737f5f4c36f748bb4164b81197d326a70d22",
        "is_verified": false,
        "line_number": 2183
      },
      {
        "type": "Base64 High Entropy String",
        "filename": "pnpm-lock.yaml",
        "hashed_secret": "735bd20202e59e618bfe941a5941731da477e7b6",
        "is_verified": false,
        "line_number": 2188
      },
      {
        "type": "Base64 High Entropy String",
        "filename": "pnpm-lock.yaml",
        "hashed_secret": "d4993485565eb1018819491e8a7ee52a1594e101",
        "is_verified": false,
        "line_number": 2191
      },
      {
        "type": "Base64 High Entropy String",
        "filename": "pnpm-lock.yaml",
        "hashed_secret": "2f73770c4b2c405b9f25e2bc5b5e42d82aa859dd",
        "is_verified": false,
        "line_number": 2196
      },
      {
        "type": "Base64 High Entropy String",
        "filename": "pnpm-lock.yaml",
        "hashed_secret": "09eef298f78df698d8ecb1d9a58fa11e5d9f4e99",
        "is_verified": false,
        "line_number": 2227
      },
      {
        "type": "Base64 High Entropy String",
        "filename": "pnpm-lock.yaml",
        "hashed_secret": "e61969a88951f6908cebfd7860868ff6aa03ac5d",
        "is_verified": false,
        "line_number": 2252
      },
      {
        "type": "Base64 High Entropy String",
        "filename": "pnpm-lock.yaml",
        "hashed_secret": "49711ae1bc2cd30a636291104d100a45e2b6efdd",
        "is_verified": false,
        "line_number": 2256
      },
      {
        "type": "Base64 High Entropy String",
        "filename": "pnpm-lock.yaml",
        "hashed_secret": "95b02c02e7cb902e9603042bf77d2ce3b47d7dd1",
        "is_verified": false,
        "line_number": 2260
      },
      {
        "type": "Base64 High Entropy String",
        "filename": "pnpm-lock.yaml",
        "hashed_secret": "47f61db9968d9147373f9919fb2d39f044af96d4",
        "is_verified": false,
        "line_number": 2265
      },
      {
        "type": "Base64 High Entropy String",
        "filename": "pnpm-lock.yaml",
        "hashed_secret": "fd979750316587a434d421119fe616d5325ac2fb",
        "is_verified": false,
        "line_number": 2269
      },
      {
        "type": "Base64 High Entropy String",
        "filename": "pnpm-lock.yaml",
        "hashed_secret": "c0665d268ee6985b4ce98c67b9c6c7502af11a25",
        "is_verified": false,
        "line_number": 2273
      },
      {
        "type": "Base64 High Entropy String",
        "filename": "pnpm-lock.yaml",
        "hashed_secret": "f20d8760f2bc03a2f84ec98ba989fc96eeadd39d",
        "is_verified": false,
        "line_number": 2276
      },
      {
        "type": "Base64 High Entropy String",
        "filename": "pnpm-lock.yaml",
        "hashed_secret": "f517feec4703cacc2629b34a71b6c4f71dcaaacb",
        "is_verified": false,
        "line_number": 2279
      },
      {
        "type": "Base64 High Entropy String",
        "filename": "pnpm-lock.yaml",
        "hashed_secret": "5888d1b730d17d304b51d9ac433812c153d85b55",
        "is_verified": false,
        "line_number": 2283
      },
      {
        "type": "Base64 High Entropy String",
        "filename": "pnpm-lock.yaml",
        "hashed_secret": "ca8a28364200aa6571b4b98c8bdcb08a41295241",
        "is_verified": false,
        "line_number": 2287
      }
    ]
  },
  "generated_at": "2026-04-29T01:30:05Z"
}
